******************************************************************************
                  TI ARM Linker PC v20.2.4                     
******************************************************************************
>> Linked Thu Dec 14 14:25:41 2023

OUTPUT FILE NAME:   <C:\Users\Smit\Documents\foxbms-2\build\bin\src\app\main\foxbms.elf>
ENTRY POINT SYMBOL: "_c_int00"  address: 000355e0


MEMORY CONFIGURATION

         name            origin    length      used     unused   attr    fill
----------------------  --------  ---------  --------  --------  ----  --------
  VECTORS_TABLE         00000000   00000020  00000020  00000000     X (ffffffff)
  KERNEL_FUNCTIONS      00000020   00008000  00004e58  000031a8  R  X (ffffffff)
  FLASH                 00008020   003f7f20  00030cc5  003c725b  R  X (ffffffff)
  VER_VERSION_INFORMATI 003fff40   000000c0  00000092  0000002e  R  X (ffffffff)
  STACKS                08000000   00000800  00000000  00000800  RW  
  KERNEL_DATA           08000800   00000800  000001cc  00000634  RW  
  RAM                   08001000   0007d000  00006f01  000760ff  RW  
  SHARED_RAM            0807e000   00002000  00000091  00001f6f  RW  
  ECC_VECTORS_TABLE     f0400000   00000004  00000000  00000004  R   
  ECC_KERNEL_FUNCTIONS  f0400004   00001000  00000000  00001000  R   
  ECC_FLASH             f0401004   0007efe4  00000000  0007efe4  R   
  ECC_VERSION_INFORMATI f047ffe8   00000018  00000000  00000018  R   


SEGMENT ALLOCATION MAP

run origin  load origin   length   init length attrs members
----------  ----------- ---------- ----------- ----- -------
00000000    00000000    00004748   00004748    r-x
  00000000    00000000    00000020   00000020    r-x .intvecs
  00000020    00000020    00004728   00004728    r-x .kernelTEXT
00004760    00004760    00000730   00000730    r--
  00004760    00004760    00000730   00000730    r-- .cinit
00008020    00008020    0002e170   0002e170    r-x
  00008020    00008020    0002e170   0002e170    r-x .text
000361a0    000361a0    000020c1   000020c1    r--
  000361a0    000361a0    000020c1   000020c1    r-- .const
00038280    00038280    00000a94   00000a94    r-x
  00038280    00038280    00000a94   00000a94    r-x .syscallTEXT
003fff40    003fff40    00000092   00000092    r--
  003fff40    003fff40    00000092   00000092    r-- .versionInformation
08000800    08000800    000001cc   00000000    rw-
  08000800    08000800    000001cc   00000000    rw- .kernelBSS
08001000    08001000    00006f04   00000000    rw-
  08001000    08001000    00006b19   00000000    rw- .data
  08007b1c    08007b1c    000003e8   00000000    rw- .bss
0807e000    0807e000    00000091   00000000    rw-
  0807e000    0807e000    00000091   00000000    rw- .sharedRAM


SECTION ALLOCATION MAP

 output                                  attributes/
section   page    origin      length       input sections
--------  ----  ----------  ----------   ----------------
.intvecs   0    00000000    00000020     
                  00000000    00000020     libfoxbms-hal.a : HL_sys_intvecs.asm.1.obj (.intvecs)

.kernelTEXT 
*          0    00000020    00004728     
                  00000020    0000246c     libfoxbms-os.a : tasks.c.1.obj (.kernelTEXT)
                  0000248c    00000cfc                    : queue.c.1.obj (.kernelTEXT)
                  00003188    000009ec                    : stream_buffer.c.1.obj (.kernelTEXT)
                  00003b74    000004b0                    : portasm.asm.1.obj (.kernelTEXT)
                  00004024    00000410                    : event_groups.c.1.obj (.kernelTEXT)
                  00004434    00000204                    : port.c.1.obj (.kernelTEXT)
                  00004638    00000110                    : list.c.1.obj (.kernelTEXT)

.cinit     0    00004760    00000730     
                  00004760    000006e5     (.cinit..data.load) [load image, compression = lzss]
                  00004e45    00000003     --HOLE-- [fill = 0]
                  00004e48    0000000c     (__TI_handler_table)
                  00004e54    0000000b     (.cinit..sharedRAM.load) [load image, compression = lzss]
                  00004e5f    00000009     (.cinit..kernelBSS.load) [load image, compression = lzss]
                  00004e68    00000008     (.cinit..bss.load) [load image, compression = zero_init]
                  00004e70    00000020     (__TI_cinit_table)

.text      0    00008020    0002e170     
                  00008020    000074fc     libfoxbms-afe-driver.a : ltc_6813-1.c.1.obj (.text)
                  0000f51c    00002078     libfoxbms-application.a : bms.c.1.obj (.text)
                  00011594    00001ba0                             : redundancy.c.1.obj (.text)
                  00013134    00001a1c     libfoxbms-hal.a : HL_can.c.1.obj (.text)
                  00014b50    00001540     libfoxbms-driver.a : can_cbs_tx_state.c.1.obj (.text)
                  00016090    0000123c                        : i2c.c.1.obj (.text)
                  000172cc    000011ec                        : nxpfs85xx.c.1.obj (.text)
                  000184b8    00000fbc                        : rtc.c.1.obj (.text)
                  00019474    00000f30     libfoxbms-hal.a : HL_etpwm.c.1.obj (.text)
                  0001a3a4    00000ed4     libfoxbms-driver.a : spi.c.1.obj (.text)
                  0001b278    00000dac                        : can.c.1.obj (.text)
                  0001c024    00000cb4                        : can_cbs_rx_debug.c.1.obj (.text)
                  0001ccd8    00000c24     libfoxbms-hal.a : HL_spi.c.1.obj (.text)
                  0001d8fc    00000a58     libfoxbms-engine.a : sys.c.1.obj (.text)
                  0001e354    00000a14     libfoxbms-algorithms.a : moving_average.c.1.obj (.text)
                  0001ed68    000009d4     libfoxbms-driver.a : sps.c.1.obj (.text)
                  0001f73c    00000980                        : can_cbs_tx_system-values.c.1.obj (.text)
                  000200bc    00000928                        : pex.c.1.obj (.text)
                  000209e4    0000090c     libfoxbms-algorithms.a : sof_trapezoid.c.1.obj (.text)
                  000212f0    000008fc     libfoxbms-driver.a : can_cbs_tx_minimum-maximum-values.c.1.obj (.text)
                  00021bec    000008e8     libfoxbms-algorithms.a : soe_counting.c.1.obj (.text)
                  000224d4    00000860     libfoxbms-engine.a : database.c.1.obj (.text)
                  00022d34    0000084c     libfoxbms-driver.a : can_cbs_tx_debug-response.c.1.obj (.text)
                  00023580    0000081c     libfoxbms-application.a : soa.c.1.obj (.text)
                  00023d9c    0000080c     libfoxbms-driver.a : can_cbs_rx_current-sensor.c.1.obj (.text)
                  000245a8    000007e4     libfoxbms-algorithms.a : soc_counting.c.1.obj (.text)
                  00024d8c    000007c4     libfoxbms-engine.a : diag.c.1.obj (.text)
                  00025550    000007b4     libfoxbms-driver.a : can_helper.c.1.obj (.text)
                  00025d04    0000072c                        : can_cbs_tx_pack-state-estimation.c.1.obj (.text)
                  00026430    00000720                        : imd.c.1.obj (.text)
                  00026b50    000006dc                        : dma.c.1.obj (.text)
                  0002722c    000006d0     libfoxbms-engine.a : diag_cbs_current.c.1.obj (.text)
                  000278fc    000006cc     libfoxbms-hal.a : HL_adc.c.1.obj (.text)
                  00027fc8    00000614     libfoxbms-task.a : ftask_freertos.c.1.obj (.text)
                  000285dc    00000608     libfoxbms-driver.a : can_cbs_tx_limit-values.c.1.obj (.text)
                  00028be4    000005ec                        : fram.c.1.obj (.text)
                  000291d0    000005b4     libfoxbms-engine.a : sys_mon.c.1.obj (.text)
                  00029784    000005a4     libfoxbms-driver.a : sbc.c.1.obj (.text)
                  00029d28    0000059c     libfoxbms-hal.a : HL_het.c.1.obj (.text)
                  0002a2c4    00000584                     : HL_system.c.1.obj (.text)
                  0002a848    0000055c     libfoxbms-driver.a : contactor.c.1.obj (.text)
                  0002ada4    00000528                        : can_cbs_tx_cell-temperatures.c.1.obj (.text)
                  0002b2cc    00000528     libfoxbms-hal.a : HL_pinmux.c.1.obj (.text)
                  0002b7f4    00000510     libfoxbms-engine.a : diag_cbs_temperature.c.1.obj (.text)
                  0002bd04    000004f8     libfoxbms-hal.a : HL_sys_vim.c.1.obj (.text)
                  0002c1fc    000004d0                     : HL_sys_dma.c.1.obj (.text)
                  0002c6cc    00000470                     : HL_ecap.c.1.obj (.text)
                  0002cb3c    00000468     libfoxbms-driver.a : can_cbs_tx_cell-voltages.c.1.obj (.text)
                  0002cfa4    00000450     libfoxbms-hal.a : HL_i2c.c.1.obj (.text)
                  0002d3f4    00000444                     : HL_crc.c.1.obj (.text)
                  0002d838    00000400     libfoxbms-engine.a : diag_cbs_voltage.c.1.obj (.text)
                  0002dc38    000003e0     libfoxbms-driver.a : can_cbs_rx_state-request.c.1.obj (.text)
                  0002e018    000003d0     rtsv7R4_A_be_v3D16_eabi.lib : mktime.c.obj (.text:__mktime32)
                  0002e3e8    000003d0     libfoxbms-task.a : os_freertos.c.1.obj (.text)
                  0002e7b8    000003c4     libfoxbms-hal.a : HL_sys_core.asm.1.obj (.text)
                  0002eb7c    000003b4     libfoxbms-task.a : ftask.c.1.obj (.text)
                  0002ef30    000003b0     libfoxbms-application.a : plausibility.c.1.obj (.text)
                  0002f2e0    000003ac     libfoxbms-engine.a : diag_cbs_afe.c.1.obj (.text)
                  0002f68c    00000388     libfoxbms-driver.a : can_cbs_tx_string-state-estimation.c.1.obj (.text)
                  0002fa14    00000388     libfoxbms-hal.a : HL_esm.c.1.obj (.text)
                  0002fd9c    00000384     libfoxbms-driver.a : interlock.c.1.obj (.text)
                  00030120    00000378     libfoxbms-hal.a : HL_sys_mpu.asm.1.obj (.text)
                  00030498    00000374                     : HL_errata_SSWF021_45.c.1.obj (.text)
                  0003080c    0000031c     libfoxbms-algorithms.a : algorithm.c.1.obj (.text)
                  00030b28    0000030c     libfoxbms-driver.a : sbc_fs8x_communication.c.1.obj (.text)
                  00030e34    000002e8                        : can_cbs_rx_imd.c.1.obj (.text)
                  0003111c    000002b8                        : pwm.c.1.obj (.text)
                  000313d4    000002b8     rtsv7R4_A_be_v3D16_eabi.lib : ull_div32.asm.obj (.text)
                  0003168c    000002b4     libfoxbms-driver.a : htsensor.c.1.obj (.text)
                  00031940    00000290     libfoxbms-afe-driver.a : ltc_afe.c.1.obj (.text)
                  00031bd0    0000024c     libfoxbms-engine.a : diag_cbs_plausibility.c.1.obj (.text)
                  00031e1c    00000248     libfoxbms-driver.a : foxmath.c.1.obj (.text)
                  00032064    00000238     libfoxbms-hal.a : HL_can.c.1.obj (.text:retain)
                  0003229c    00000234     libfoxbms-engine.a : database_helper.c.1.obj (.text)
                  000324d0    00000230     libfoxbms-driver.a : sbc_fs8x.c.1.obj (.text)
                  00032700    00000228     libfoxbms-task.a : os.c.1.obj (.text)
                  00032928    00000208     libfoxbms-driver.a : crc.c.1.obj (.text)
                  00032b30    00000204                        : epcos_b57861s0103f045.c.1.obj (.text)
                  00032d34    00000204     libfoxbms-engine.a : diag_cbs_contactor.c.1.obj (.text)
                  00032f38    00000204     libfoxbms-hal.a : HL_gio.c.1.obj (.text)
                  0003313c    000001f8     libfoxbms-task.a : ftask_cfg.c.1.obj (.text)
                  00033334    000001e8     rtsv7R4_A_be_v3D16_eabi.lib : localtim.c.obj (.text:__localtime32)
                  0003351c    000001e4     libfoxbms-driver.a : io.c.1.obj (.text)
                  00033700    000001e0     libfoxbms-hal.a : HL_emif.c.1.obj (.text)
                  000338e0    000001c4     libfoxbms-engine.a : diag_cbs_bms.c.1.obj (.text)
                  00033aa4    00000180     rtsv7R4_A_be_v3D16_eabi.lib : memcpy32.asm.obj (.text)
                  00033c24    00000178     libfoxbms-hal.a : HL_sys_vim.c.1.obj (.text:retain)
                  00033d9c    00000174     libfoxbms-engine.a : diag_cbs_sys-mon.c.1.obj (.text)
                  00033f10    00000160                        : diag_cbs_insulation.c.1.obj (.text)
                  00034070    00000154     libfoxbms-driver.a : meas.c.1.obj (.text)
                  000341c4    00000144     libfoxbms-engine.a : diag_cbs_current-sensor.c.1.obj (.text)
                  00034308    00000144     libfoxbms-hal.a : HL_i2c.c.1.obj (.text:retain)
                  0003444c    00000140     libfoxbms-engine.a : diag_cbs_can.c.1.obj (.text)
                  0003458c    0000013c     libfoxbms-driver.a : led.c.1.obj (.text)
                  000346c8    00000130                        : adc.c.1.obj (.text)
                  000347f8    00000128     libfoxbms-engine.a : diag_cbs_power-measurement.c.1.obj (.text)
                  00034920    0000010c     libfoxbms-algorithms.a : state_estimation.c.1.obj (.text)
                  00034a2c    00000100     main.c.1.obj (.text)
                  00034b2c    000000f8     libfoxbms-engine.a : sys_cfg.c.1.obj (.text)
                  00034c24    000000f0     libfoxbms-application.a : soa_cfg.c.1.obj (.text)
                  00034d14    000000e4     libfoxbms-engine.a : diag_cbs_deep-discharge.c.1.obj (.text)
                  00034df8    000000e4     libfoxbms-hal.a : HL_esm.c.1.obj (.text:retain)
                  00034edc    000000dc     libfoxbms-engine.a : diag_cbs_i2c.c.1.obj (.text)
                  00034fb8    000000dc                        : diag_cbs_rtc.c.1.obj (.text)
                  00035094    000000d8                        : diag_cbs_sbc.c.1.obj (.text)
                  0003516c    000000cc     libfoxbms-algorithms.a : algorithm_cfg.c.1.obj (.text)
                  00035238    000000cc     libfoxbms-driver.a : mcu.c.1.obj (.text)
                  00035304    000000c8     fstartup.c.1.obj (.text)
                  000353cc    000000b4     libfoxbms-driver.a : can_cbs_tx_unsupported-message.c.1.obj (.text)
                  00035480    000000b0     libfoxbms-afe-driver.a : afe_plausibility.c.1.obj (.text)
                  00035530    000000b0     rtsv7R4_A_be_v3D16_eabi.lib : memset32.asm.obj (.text)
                  000355e0    000000a8     fstartup.c.1.obj (.text:retain)
                  00035688    000000a8     libfoxbms-hal.a : HL_sys_dma.c.1.obj (.text:retain)
                  00035730    000000a4     libfoxbms-engine.a : diag_cbs_fram.c.1.obj (.text)
                  000357d4    000000a0     libfoxbms-afe-driver.a : ltc_afe_dma.c.1.obj (.text)
                  00035874    0000009c     libfoxbms-engine.a : diag_cbs_interlock.c.1.obj (.text)
                  00035910    00000098     libfoxbms-afe-driver.a : ltc_pec.c.1.obj (.text)
                  000359a8    00000098     rtsv7R4_A_be_v3D16_eabi.lib : ll_div32.asm.obj (.text)
                  00035a40    00000090                                 : copy_decompress_lzss.c.obj (.text:decompress:lzss:__TI_decompress_lzss)
                  00035ad0    00000084                                 : ti_fmax.c.obj (.text:fminf)
                  00035b54    00000084                                 : fs_toll32.asm.obj (.text)
                  00035bd8    00000078     libfoxbms-driver.a : no-imd.c.1.obj (.text)
                  00035c50    00000070     libfoxbms-algorithms.a : soh_none.c.1.obj (.text)
                  00035cc0    00000070     libfoxbms-driver.a : spi_cfg.c.1.obj (.text)
                  00035d30    00000070     libfoxbms-engine.a : diag_cbs_dummy.c.1.obj (.text)
                  00035da0    0000006c     libfoxbms-hal.a : HL_notification.c.1.obj (.text)
                  00035e0c    0000006c     rtsv7R4_A_be_v3D16_eabi.lib : fs_toull32.asm.obj (.text)
                  00035e78    00000068                                 : autoinit.c.obj (.text:__TI_auto_init_nobinit_nopinit:__TI_auto_init_nobinit_nopinit)
                  00035ee0    00000058     libfoxbms-hal.a : HL_ecap.c.1.obj (.text:retain)
                  00035f38    00000054     rtsv7R4_A_be_v3D16_eabi.lib : i_div32.asm.obj (.text)
                  00035f8c    00000050                                 : u_div32.asm.obj (.text)
                  00035fdc    00000044     libfoxbms-application.a : bal_cfg.c.1.obj (.text)
                  00036020    00000038     libfoxbms-engine.a : masterinfo.c.1.obj (.text)
                  00036058    0000002c     libfoxbms-os.a : port.c.1.obj (.text)
                  00036084    00000024     libfoxbms-engine.a : diag_cfg.c.1.obj (.text)
                  000360a8    00000024     rtsv7R4_A_be_v3D16_eabi.lib : ll_lsl32.asm.obj (.text)
                  000360cc    00000024                                 : ll_lsr32.asm.obj (.text)
                  000360f0    00000020                                 : strlen.c.obj (.text:strlen)
                  00036110    00000014                                 : copy_decompress_none.c.obj (.text:decompress:none:__TI_decompress_none)
                  00036124    00000014     fassert.c.1.obj (.text)
                  00036138    00000014     libfoxbms-application.a : bal_strategy_none.c.1.obj (.text)
                  0003614c    00000014     libfoxbms-driver.a : tsi_limits.c.1.obj (.text)
                  00036160    00000010     rtsv7R4_A_be_v3D16_eabi.lib : copy_zero_init.c.obj (.text:decompress:ZI:__TI_zero_init)
                  00036170    00000008                                 : exit.c.obj (.text:abort:abort)
                  00036178    00000008     libfoxbms-driver.a : checksum.c.1.obj (.text)
                  00036180    00000004     libfoxbms-engine.a : reset.c.1.obj (.text)
                  00036184    00000004                        : sys_mon_cfg.c.1.obj (.text)
                  00036188    00000004     libfoxbms-hal.a : HL_sys_phantom.c.1.obj (.text:retain)
                  0003618c    00000004     rtsv7R4_A_be_v3D16_eabi.lib : div0.asm.obj (.text)

.const     0    000361a0    000020c1     
                  000361a0    000003a0     libfoxbms-hal.a : HL_het.c.1.obj (.const:het1PROGRAM)
                  00036540    000003a0                     : HL_het.c.1.obj (.const:het2PROGRAM)
                  000368e0    00000320     libfoxbms-application.a : battery_cell_cfg.c.1.obj (.const:bc_stateOfChargeLookupTable)
                  00036c00    00000320                             : battery_cell_cfg.c.1.obj (.const:bc_stateOfEnergyLookupTable)
                  00036f20    00000200     libfoxbms-afe-driver.a : ltc_pec.c.1.obj (.const:ltc_crc15Table$1)
                  00037120    00000200     libfoxbms-hal.a : HL_sys_vim.c.1.obj (.const:s_vim_init)
                  00037320    00000188     libfoxbms-driver.a : can_cfg_tx.c.1.obj (.const:can_txMessages)
                  000374a8    00000158                        : epcos_b57861s0103f045.c.1.obj (.const:ts_b57861s0103f045Lut)
                  00037600    00000100                        : sbc_fs8x_communication.c.1.obj (.const:.string:FS8x_CRC_TABLE)
                  00037700    000000f0                        : can_cfg_rx.c.1.obj (.const:can_rxMessages)
                  000377f0    0000008c                        : interlock.c.1.obj (.const:$P$T0$1)
                  0003787c    0000007c     libfoxbms-application.a : redundancy.c.1.obj (.const:$P$T0$5)
                  000378f8    0000007c     libfoxbms-driver.a : can.c.1.obj (.const:$P$T3$5)
                  00037974    00000063     libfoxbms-engine.a : sys.c.1.obj (.const:.string:$P$T0$1)
                  000379d7    00000001     libfoxbms-driver.a : can_cfg_rx.c.1.obj (.const)
                  000379d8    00000048     libfoxbms-application.a : bms.c.1.obj (.const:$P$T1$3)
                  00037a20    00000048     libfoxbms-driver.a : can.c.1.obj (.const:$P$T1$3)
                  00037a68    00000040                        : dma.c.1.obj (.const:$P$T0$1)
                  00037aa8    00000040                        : dma.c.1.obj (.const:$P$T1$2)
                  00037ae8    00000040                        : dma.c.1.obj (.const:$P$T2$3)
                  00037b28    00000040                        : dma.c.1.obj (.const:$P$T3$4)
                  00037b68    00000040                        : can_helper.c.1.obj (.const:.string:can_bigEndianTable)
                  00037ba8    0000003c                        : can_cfg.c.1.obj (.const:can_kShim)
                  00037be4    00000034     libfoxbms-algorithms.a : soc_counting.c.1.obj (.const:$P$T0$1)
                  00037c18    00000034                            : soe_counting.c.1.obj (.const:$P$T0$1)
                  00037c4c    00000034     libfoxbms-driver.a : spi.c.1.obj (.const:$P$T0$1)
                  00037c80    00000032                        : pwm.c.1.obj (.const:$P$T0$1)
                  00037cb2    00000002     libfoxbms-algorithms.a : algorithm_cfg.c.1.obj (.const)
                  00037cb4    00000030     rtsv7R4_A_be_v3D16_eabi.lib : mktime.c.obj (.const:mon_day)
                  00037ce4    00000030                                 : mktime.c.obj (.const:mon_len)
                  00037d14    0000002c     libfoxbms-engine.a : sys_mon.c.1.obj (.const:$P$T0$2)
                  00037d40    00000024     libfoxbms-driver.a : rtc.c.1.obj (.const:$P$T10$15)
                  00037d64    00000024                        : rtc.c.1.obj (.const:$P$T12$17)
                  00037d88    00000024                        : rtc.c.1.obj (.const:$P$T3$4)
                  00037dac    00000024                        : rtc.c.1.obj (.const:$P$T4$5)
                  00037dd0    00000024                        : rtc.c.1.obj (.const:$P$T6$7)
                  00037df4    00000024     libfoxbms-algorithms.a : sof_trapezoid_cfg.c.1.obj (.const:sof_recommendedCurrent)
                  00037e18    00000020     libfoxbms-hal.a : HL_can.c.1.obj (.const:s_canByteOrder)
                  00037e38    00000020                     : HL_het.c.1.obj (.const:s_het1pwmPolarity)
                  00037e58    00000020                     : HL_het.c.1.obj (.const:s_het2pwmPolarity)
                  00037e78    00000018                     : HL_adc.c.1.obj (.const:s_adcFiFoSize)
                  00037e90    00000018                     : HL_adc.c.1.obj (.const:s_adcSelect)
                  00037ea8    00000014     libfoxbms-driver.a : can.c.1.obj (.const:$P$T0$1)
                  00037ebc    00000014                        : can_cbs_rx_current-sensor.c.1.obj (.const:$P$T0$1)
                  00037ed0    00000014                        : can_cbs_rx_imd.c.1.obj (.const:$P$T0$1)
                  00037ee4    00000014     libfoxbms-engine.a : database.c.1.obj (.const:$P$T0$1)
                  00037ef8    00000014     libfoxbms-driver.a : can_cbs_rx_current-sensor.c.1.obj (.const:$P$T1$2)
                  00037f0c    00000014                        : can_cbs_rx_imd.c.1.obj (.const:$P$T1$2)
                  00037f20    00000014                        : can.c.1.obj (.const:$P$T4$6)
                  00037f34    00000014                        : can_cbs_tx_cell-temperatures.c.1.obj (.const:cantx_cell0TemperatureInvalidFlag)
                  00037f48    00000014                        : can_cbs_tx_cell-temperatures.c.1.obj (.const:cantx_cell0Temperature_degC)
                  00037f5c    00000014                        : can_cbs_tx_cell-temperatures.c.1.obj (.const:cantx_cell1TemperatureInvalidFlag)
                  00037f70    00000014                        : can_cbs_tx_cell-temperatures.c.1.obj (.const:cantx_cell1Temperature_degC)
                  00037f84    00000014                        : can_cbs_tx_cell-temperatures.c.1.obj (.const:cantx_cell2TemperatureInvalidFlag)
                  00037f98    00000014                        : can_cbs_tx_cell-temperatures.c.1.obj (.const:cantx_cell2Temperature_degC)
                  00037fac    00000014                        : can_cbs_tx_cell-temperatures.c.1.obj (.const:cantx_cell3TemperatureInvalidFlag)
                  00037fc0    00000014                        : can_cbs_tx_cell-temperatures.c.1.obj (.const:cantx_cell3Temperature_degC)
                  00037fd4    00000014                        : can_cbs_tx_cell-temperatures.c.1.obj (.const:cantx_cell4TemperatureInvalidFlag)
                  00037fe8    00000014                        : can_cbs_tx_cell-temperatures.c.1.obj (.const:cantx_cell4Temperature_degC)
                  00037ffc    00000014                        : can_cbs_tx_cell-temperatures.c.1.obj (.const:cantx_cell5TemperatureInvalidFlag)
                  00038010    00000014                        : can_cbs_tx_cell-temperatures.c.1.obj (.const:cantx_cell5Temperature_degC)
                  00038024    00000014                        : can_cbs_tx_cell-temperatures.c.1.obj (.const:cantx_cellTemperatureMultiplexer)
                  00038038    00000014                        : can_cbs_tx_cell-voltages.c.1.obj (.const:cantx_cellVoltage0InvalidFlag)
                  0003804c    00000014                        : can_cbs_tx_cell-voltages.c.1.obj (.const:cantx_cellVoltage0_mV)
                  00038060    00000014                        : can_cbs_tx_cell-voltages.c.1.obj (.const:cantx_cellVoltage1InvalidFlag)
                  00038074    00000014                        : can_cbs_tx_cell-voltages.c.1.obj (.const:cantx_cellVoltage1_mV)
                  00038088    00000014                        : can_cbs_tx_cell-voltages.c.1.obj (.const:cantx_cellVoltage2InvalidFlag)
                  0003809c    00000014                        : can_cbs_tx_cell-voltages.c.1.obj (.const:cantx_cellVoltage2_mV)
                  000380b0    00000014                        : can_cbs_tx_cell-voltages.c.1.obj (.const:cantx_cellVoltage3InvalidFlag)
                  000380c4    00000014                        : can_cbs_tx_cell-voltages.c.1.obj (.const:cantx_cellVoltage3_mV)
                  000380d8    00000014                        : can_cbs_tx_cell-voltages.c.1.obj (.const:cantx_cellVoltageMultiplexer)
                  000380ec    00000012     libfoxbms-afe-driver.a : ltc_6813-1_cfg.c.1.obj (.const:.string:ltc_voltage_input_used)
                  000380fe    00000002     libfoxbms-driver.a : epcos_b57861s0103f045.c.1.obj (.const)
                  00038100    00000010     libfoxbms-algorithms.a : sof_trapezoid.c.1.obj (.const:$P$T0$1)
                  00038110    00000010     libfoxbms-application.a : bms.c.1.obj (.const:$P$T0$1)
                  00038120    00000010     libfoxbms-algorithms.a : sof_trapezoid.c.1.obj (.const:$P$T1$2)
                  00038130    00000010     libfoxbms-engine.a : database.c.1.obj (.const:$P$T1$2)
                  00038140    00000010     libfoxbms-algorithms.a : sof_trapezoid.c.1.obj (.const:$P$T2$3)
                  00038150    00000010     libfoxbms-engine.a : database.c.1.obj (.const:$P$T2$3)
                  00038160    00000010     libfoxbms-driver.a : can.c.1.obj (.const:$P$T2$4)
                  00038170    00000010     libfoxbms-application.a : bms.c.1.obj (.const:$P$T2$7)
                  00038180    00000010     libfoxbms-algorithms.a : sof_trapezoid.c.1.obj (.const:$P$T3$4)
                  00038190    00000010                            : sof_trapezoid.c.1.obj (.const:$P$T4$5)
                  000381a0    00000010     libfoxbms-engine.a : diag_cfg.c.1.obj (.const:diag_kDatabaseShim)
                  000381b0    00000010     libfoxbms-driver.a : sps_cfg.c.1.obj (.const:sps_kChannelFeedbackMapping)
                  000381c0    00000008                        : can_cbs_rx_debug.c.1.obj (.const:$P$T0$1)
                  000381c8    00000008                        : rtc.c.1.obj (.const:$P$T0$1)
                  000381d0    00000008                        : rtc.c.1.obj (.const:$P$T1$2)
                  000381d8    00000008                        : rtc.c.1.obj (.const:$P$T11$16)
                  000381e0    00000008                        : rtc.c.1.obj (.const:$P$T13$18)
                  000381e8    00000008                        : rtc.c.1.obj (.const:$P$T2$3)
                  000381f0    00000008                        : rtc.c.1.obj (.const:$P$T5$6)
                  000381f8    00000008                        : rtc.c.1.obj (.const:$P$T7$8)
                  00038200    00000008                        : rtc.c.1.obj (.const:$P$T8$9)
                  00038208    00000008                        : rtc.c.1.obj (.const:$P$T9$14)
                  00038210    00000008     libfoxbms-afe-driver.a : ltc_6813-1_cfg.c.1.obj (.const:.string:ltc_muxsensortemperatur_cfg)
                  00038218    00000008     libfoxbms-engine.a : database.c.1.obj (.const:data_baseHeader)
                  00038220    00000008     libfoxbms-algorithms.a : moving_average.c.1.obj (.const)
                  00038228    00000006     libfoxbms-driver.a : can_cbs_tx_state.c.1.obj (.const:$P$T0$1)
                  0003822e    00000006                        : sbc_fs8x_communication.c.1.obj (.const:$P$T0$1)
                  00038234    00000006                        : can_cbs_tx_state.c.1.obj (.const:$P$T1$2)
                  0003823a    00000004                        : nxpfs85xx.c.1.obj (.const:$P$T0$1)
                  0003823e    00000004                        : nxpfs85xx.c.1.obj (.const:$P$T1$2)
                  00038242    00000004                        : nxpfs85xx.c.1.obj (.const:$P$T2$3)
                  00038246    00000002                        : pwm.c.1.obj (.const)
                  00038248    00000004                        : can_cfg.c.1.obj (.const:can_node1)
                  0003824c    00000004                        : can_cfg.c.1.obj (.const:can_node2Isolated)
                  00038250    00000004                        : mcu.c.1.obj (.const)
                  00038254    00000004     libfoxbms-os.a : tasks.c.1.obj (.const)
                  00038258    00000004     libfoxbms-afe-driver.a : ltc_6813-1.c.1.obj (.const:ltc_plausibleCellVoltages681x)
                  0003825c    00000003     libfoxbms-driver.a : pex_cfg.c.1.obj (.const:.string:pex_addressList)
                  0003825f    00000001                        : can_cfg_tx.c.1.obj (.const)
                  00038260    00000001                        : spi_cfg.c.1.obj (.const)

.syscallTEXT 
*          0    00038280    00000a94     
                  00038280    00000a94     libfoxbms-os.a : mpu_wrappers.c.1.obj (.syscallTEXT)

.versionInformation 
*          0    003fff40    00000092     
                  003fff40    00000092     version_cfg.c.1.obj (.versionInformation)

.kernelBSS 
*          0    08000800    000001cc     UNINITIALIZED
                  08000800    000001c4     libfoxbms-os.a : tasks.c.1.obj (.kernelBSS:init)
                  080009c4    00000008                    : tasks.c.1.obj (.kernelBSS:uninit)

.data      0    08001000    00006b19     UNINITIALIZED
                  08001000    00001400     libfoxbms-task.a : ftask_freertos.c.1.obj (.data:ftsk_stackCyclic10ms$20)
                  08002400    0000067c     libfoxbms-engine.a : diag_cfg.c.1.obj (.data:diag_diagnosisIdConfiguration)
                  08002a7c    000004b4     libfoxbms-algorithms.a : moving_average.c.1.obj (.data:curValues)
                  08002f30    000004b4                            : moving_average.c.1.obj (.data:powValues)
                  080033e4    00000400     libfoxbms-task.a : ftask_freertos.c.1.obj (.data:ftsk_stackCyclic100ms$22)
                  080037e4    00000400                      : ftask_freertos.c.1.obj (.data:ftsk_stackCyclic1ms$18)
                  08003be4    00000400                      : ftask_freertos.c.1.obj (.data:ftsk_stackCyclicAlgorithm100ms$24)
                  08003fe4    00000400                      : ftask_freertos.c.1.obj (.data:ftsk_stackEngine$16)
                  080043e4    000003e8                      : ftask_freertos.c.1.obj (.data:ftsk_canRxQueueStorageArea$5)
                  080047cc    00000200                      : ftask_freertos.c.1.obj (.data:ftsk_stackSizeAfe$28)
                  080049cc    00000200                      : ftask_freertos.c.1.obj (.data:ftsk_stackSizeI2c$26)
                  08004bcc    00000200                      : os_freertos.c.1.obj (.data:os_stackSizeIdle$2)
                  08004dcc    00000180     libfoxbms-afe-driver.a : ltc_6813-1.c.1.obj (.data:ltc_openWireDetection)
                  08004f4c    00000158     libfoxbms-engine.a : diag_cfg.c.1.obj (.data:diag_device)
                  080050a4    00000108                        : database_cfg.c.1.obj (.data:data_database)
                  080051ac    00000104                        : database_cfg.c.1.obj (.data:data_blockControlBalancing)
                  080052b0    00000104     libfoxbms-afe-driver.a : ltc_6813-1.c.1.obj (.data:ltc_balancing_control)
                  080053b4    00000100     libfoxbms-driver.a : adc.c.1.obj (.data:adc_adc1RawVoltages)
                  080054b4    000000e4     libfoxbms-afe-driver.a : ltc_6813-1.c.1.obj (.data:ltc_stateBase)
                  08005598    000000b0     libfoxbms-driver.a : can_helper.c.1.obj (.data:persistant_error_flags)
                  08005648    000000a8                        : can_cfg.c.1.obj (.data:can_tableCellVoltages)
                  080056f0    000000a8     libfoxbms-engine.a : database_cfg.c.1.obj (.data:data_blockCellVoltage)
                  08005798    000000a8                        : database_cfg.c.1.obj (.data:data_blockCellVoltageBase)
                  08005840    000000a8                        : database_cfg.c.1.obj (.data:data_blockCellVoltageRedundancy0)
                  080058e8    000000a8     libfoxbms-afe-driver.a : ltc_6813-1.c.1.obj (.data:ltc_cellVoltage)
                  08005990    000000a8     libfoxbms-application.a : redundancy.c.1.obj (.data:mrc_tableCellVoltageBase$1)
                  08005a38    000000a8     libfoxbms-driver.a : can_cbs_rx_current-sensor.c.1.obj (.data:mrc_tableCellVoltageBase$3)
                  08005ae0    000000a8     libfoxbms-application.a : redundancy.c.1.obj (.data:mrc_tableCellVoltageRedundancy0$2)
                  08005b88    000000a8                             : redundancy.c.1.obj (.data:mrc_tableCellVoltages)
                  08005c30    000000a4     libfoxbms-task.a : ftask_freertos.c.1.obj (.data:ftsk_taskAfe$27)
                  08005cd4    000000a4                      : ftask_freertos.c.1.obj (.data:ftsk_taskCyclic100ms$21)
                  08005d78    000000a4                      : ftask_freertos.c.1.obj (.data:ftsk_taskCyclic10ms$19)
                  08005e1c    000000a4                      : ftask_freertos.c.1.obj (.data:ftsk_taskCyclic1ms$17)
                  08005ec0    000000a4                      : ftask_freertos.c.1.obj (.data:ftsk_taskCyclicAlgorithm100ms$23)
                  08005f64    000000a4                      : ftask_freertos.c.1.obj (.data:ftsk_taskEngine$15)
                  08006008    000000a4                      : ftask_freertos.c.1.obj (.data:ftsk_taskI2c$25)
                  080060ac    000000a4                      : os_freertos.c.1.obj (.data:os_idleTask$1)
                  08006150    0000008c     libfoxbms-driver.a : adc.c.1.obj (.data:adc_adc1Voltages)
                  080061dc    0000008c     libfoxbms-engine.a : database_cfg.c.1.obj (.data:data_blockAdcVoltage)
                  08006268    00000080     libfoxbms-driver.a : sps_cfg.c.1.obj (.data:sps_channelStatus)
                  080062e8    0000007c                        : can_cfg.c.1.obj (.data:can_tableCurrentSensor)
                  08006364    0000007c     libfoxbms-algorithms.a : moving_average.c.1.obj (.data:curPow_tab$3)
                  080063e0    0000007c     libfoxbms-engine.a : database_cfg.c.1.obj (.data:data_blockCurrentSensor)
                  0800645c    0000007c     libfoxbms-algorithms.a : soc_counting.c.1.obj (.data:soc_tableCurrentSensor)
                  080064d8    0000007c                            : soe_counting.c.1.obj (.data:soe_tableCurrentSensor)
                  08006554    00000070     libfoxbms-engine.a : database_cfg.c.1.obj (.data:data_blockUserMux)
                  080065c4    00000064     libfoxbms-task.a : ftask_freertos.c.1.obj (.data:ftsk_imdQueueStorageArea$3)
                  08006628    00000060     libfoxbms-driver.a : nxpfs85xx.c.1.obj (.data:fs85xx_mcuSupervisor)
                  08006688    0000005c     libfoxbms-engine.a : database_cfg.c.1.obj (.data:data_blockLtcAllGpioVoltagesBase)
                  080066e4    0000005c                        : database_cfg.c.1.obj (.data:data_blockLtcAllGpioVoltagesRedundancy0)
                  08006740    0000005c     libfoxbms-afe-driver.a : ltc_6813-1.c.1.obj (.data:ltc_allgpiovoltage)
                  0800679c    00000054     libfoxbms-driver.a : fram_cfg.c.1.obj (.data:fram_base_header)
                  080067f0    00000048                        : can_cfg.c.1.obj (.data:can_tableErrorState)
                  08006838    00000048                        : can_cfg.c.1.obj (.data:can_tableTemperatures)
                  08006880    00000048     libfoxbms-engine.a : database_cfg.c.1.obj (.data:data_blockCellTemperature)
                  080068c8    00000048                        : database_cfg.c.1.obj (.data:data_blockCellTemperatureBase)
                  08006910    00000048                        : database_cfg.c.1.obj (.data:data_blockCellTemperatureRedundancy0)
                  08006958    00000048                        : database_cfg.c.1.obj (.data:data_blockErrors)
                  080069a0    00000048                        : diag_cfg.c.1.obj (.data:diag_tableErrorFlags)
                  080069e8    00000048     libfoxbms-task.a : ftask_freertos.c.1.obj (.data:ftsk_afeFromI2cQueueStructure$14)
                  08006a30    00000048                      : ftask_freertos.c.1.obj (.data:ftsk_afeRequestQueueStructure$8)
                  08006a78    00000048                      : ftask_freertos.c.1.obj (.data:ftsk_afeToI2cQueueStructure$12)
                  08006ac0    00000048                      : ftask_freertos.c.1.obj (.data:ftsk_canRxQueueStructure$6)
                  08006b08    00000048                      : ftask_freertos.c.1.obj (.data:ftsk_databaseQueueStructure$2)
                  08006b50    00000048                      : ftask_freertos.c.1.obj (.data:ftsk_imdQueueStructure$4)
                  08006b98    00000048                      : ftask_freertos.c.1.obj (.data:ftsk_rtcQueueStructure$10)
                  08006be0    00000048     libfoxbms-afe-driver.a : ltc_6813-1.c.1.obj (.data:ltc_celltemperature)
                  08006c28    00000048     libfoxbms-application.a : redundancy.c.1.obj (.data:mrc_tableCellTemperatures)
                  08006c70    00000048                             : redundancy.c.1.obj (.data:mrc_tableCelltemperatureBase$3)
                  08006cb8    00000048                             : redundancy.c.1.obj (.data:mrc_tableCelltemperatureRedundancy0$4)
                  08006d00    00000044                             : bms.c.1.obj (.data:bms_tableOpenWire)
                  08006d44    00000044                             : bms.c.1.obj (.data:bms_tablePackValues)
                  08006d88    00000044     libfoxbms-driver.a : can_cfg.c.1.obj (.data:can_tableOpenWire)
                  08006dcc    00000044                        : can_cfg.c.1.obj (.data:can_tablePackValues)
                  08006e10    00000044     libfoxbms-engine.a : database_cfg.c.1.obj (.data:data_blockOpenWireBase)
                  08006e54    00000044                        : database_cfg.c.1.obj (.data:data_blockOpenWireRedundancy0)
                  08006e98    00000044                        : database_cfg.c.1.obj (.data:data_blockPackValues)
                  08006edc    00000044     libfoxbms-afe-driver.a : ltc_6813-1.c.1.obj (.data:ltc_openWire)
                  08006f20    00000044     libfoxbms-application.a : redundancy.c.1.obj (.data:mrc_tablePackValues)
                  08006f64    0000003d     libfoxbms-algorithms.a : moving_average.c.1.obj (.data)
                  08006fa1    00000003     libfoxbms-task.a : ftask_cfg.c.1.obj (.data)
                  08006fa4    0000003c     libfoxbms-application.a : bms.c.1.obj (.data:bms_state)
                  08006fe0    0000003c     libfoxbms-driver.a : can_cfg.c.1.obj (.data:can_tableSox)
                  0800701c    0000003c     libfoxbms-engine.a : database_cfg.c.1.obj (.data:data_blockMovingAverage)
                  08007058    0000003c                        : database_cfg.c.1.obj (.data:data_blockSox)
                  08007094    0000003c     libfoxbms-algorithms.a : moving_average.c.1.obj (.data:movingAverage_tab$4)
                  080070d0    0000003c                            : state_estimation.c.1.obj (.data:se_tableSocAndSoeEstimation)
                  0800710c    0000003c     libfoxbms-engine.a : sys_mon_cfg.c.1.obj (.data:sysm_ch_cfg)
                  08007148    00000034     libfoxbms-application.a : bms.c.1.obj (.data:bms_tableMinMax)
                  0800717c    00000034     libfoxbms-driver.a : can_cfg.c.1.obj (.data:can_tableMinimumMaximumValues)
                  080071b0    00000034     libfoxbms-engine.a : database_cfg.c.1.obj (.data:data_blockMinMax)
                  080071e4    00000034     libfoxbms-application.a : redundancy.c.1.obj (.data:mrc_tableMinimumMaximumValues)
                  08007218    00000034     libfoxbms-algorithms.a : sof_trapezoid.c.1.obj (.data:sof_tableMinimumMaximumValues)
                  0800724c    00000030     libfoxbms-engine.a : database_cfg.c.1.obj (.data:data_blockSlaveControl)
                  0800727c    00000030     libfoxbms-afe-driver.a : ltc_6813-1.c.1.obj (.data:ltc_slave_control)
                  080072ac    0000002c     libfoxbms-driver.a : can_cfg.c.1.obj (.data:can_tableSof)
                  080072d8    0000002c     libfoxbms-engine.a : database_cfg.c.1.obj (.data:data_blockSof)
                  08007304    0000002c     libfoxbms-driver.a : fram_cfg.c.1.obj (.data:fram_sys_mon_record)
                  08007330    0000002c     libfoxbms-algorithms.a : sof_trapezoid.c.1.obj (.data:sof_tableSofValues)
                  0800735c    0000002c     libfoxbms-engine.a : sys_mon.c.1.obj (.data:sysm_localFramCopy)
                  08007388    00000024     rtsv7R4_A_be_v3D16_eabi.lib : localtim.c.obj (.data:local_tm)
                  080073ac    00000021     libfoxbms-engine.a : database.c.1.obj (.data:data_uniqueIdToDatabaseEntry)
                  080073cd    00000003     libfoxbms-driver.a : pex.c.1.obj (.data:pex_configDirectionPort0)
                  080073d0    00000020     libfoxbms-engine.a : database_cfg.c.1.obj (.data:data_blockInterlockFeedback)
                  080073f0    00000020     libfoxbms-task.a : ftask_freertos.c.1.obj (.data:ftsk_afeFromI2cQueueStorageArea$13)
                  08007410    00000020                      : ftask_freertos.c.1.obj (.data:ftsk_afeToI2cQueueStorageArea$11)
                  08007430    00000020     libfoxbms-driver.a : interlock.c.1.obj (.data:ilck_tableFeedback)
                  08007450    0000001c                        : can_cfg.c.1.obj (.data:can_tableInsulation)
                  0800746c    0000001c                        : can_cfg.c.1.obj (.data:can_tableMslFlags)
                  08007488    0000001c     libfoxbms-engine.a : database_cfg.c.1.obj (.data:data_blockInsulationMonitoring)
                  080074a4    0000001c                        : database_cfg.c.1.obj (.data:data_blockMsl)
                  080074c0    0000001c                        : diag_cfg.c.1.obj (.data:diag_tableMslFlags)
                  080074dc    0000001c     libfoxbms-driver.a : imd.c.1.obj (.data:imd_tableInsulationMonitoring)
                  080074f8    0000001c     libfoxbms-task.a : ftask_freertos.c.1.obj (.data)
                  08007514    0000001c     libfoxbms-driver.a : sbc.c.1.obj (.data:sbc_stateMcuSupervisor)
                  08007530    00000018     libfoxbms-algorithms.a : algorithm_cfg.c.1.obj (.data:algo_algorithms)
                  08007548    00000018     libfoxbms-driver.a : can_cfg.c.1.obj (.data:can_tableMolFlags)
                  08007560    00000018                        : can_cfg.c.1.obj (.data:can_tableRslFlags)
                  08007578    00000018     libfoxbms-engine.a : database_cfg.c.1.obj (.data:data_blockMol)
                  08007590    00000018                        : database_cfg.c.1.obj (.data:data_blockRsl)
                  080075a8    00000018                        : diag_cfg.c.1.obj (.data:diag_tableMolFlags)
                  080075c0    00000018                        : diag_cfg.c.1.obj (.data:diag_tableRslFlags)
                  080075d8    00000018     libfoxbms-application.a : redundancy.c.1.obj (.data:mrc_state)
                  080075f0    00000015     libfoxbms-driver.a : contactor_cfg.c.1.obj (.data:cont_contactorStates)
                  08007605    00000003                        : pex.c.1.obj (.data:pex_configDirectionPort0Local)
                  08007608    00000014     libfoxbms-engine.a : database_cfg.c.1.obj (.data:data_blockFeedbackBalancingBase)
                  0800761c    00000014                        : database_cfg.c.1.obj (.data:data_blockFeedbackBalancingRedundancy0)
                  08007630    00000014     libfoxbms-driver.a : dma_cfg.c.1.obj (.data:dma_spiInterfaces)
                  08007644    00000014     libfoxbms-task.a : ftask_freertos.c.1.obj (.data:ftsk_databaseQueueStorageArea$1)
                  08007658    00000014                      : ftask_cfg.c.1.obj (.data:ftsk_taskDefinitionAfe)
                  0800766c    00000014                      : ftask_cfg.c.1.obj (.data:ftsk_taskDefinitionCyclic100ms)
                  08007680    00000014                      : ftask_cfg.c.1.obj (.data:ftsk_taskDefinitionCyclic10ms)
                  08007694    00000014                      : ftask_cfg.c.1.obj (.data:ftsk_taskDefinitionCyclic1ms)
                  080076a8    00000014                      : ftask_cfg.c.1.obj (.data:ftsk_taskDefinitionCyclicAlgorithm100ms)
                  080076bc    00000014                      : ftask_cfg.c.1.obj (.data:ftsk_taskDefinitionEngine)
                  080076d0    00000014                      : ftask_cfg.c.1.obj (.data:ftsk_taskDefinitionI2c)
                  080076e4    00000014     libfoxbms-driver.a : imd.c.1.obj (.data:imd_state)
                  080076f8    00000014     libfoxbms-afe-driver.a : ltc_6813-1.c.1.obj (.data:ltc_balancing_feedback)
                  0800770c    00000014     libfoxbms-algorithms.a : soc_counting.c.1.obj (.data:soc_state)
                  08007720    00000014                            : soe_counting.c.1.obj (.data:soe_state)
                  08007734    00000014     libfoxbms-driver.a : spi_cfg.c.1.obj (.data:spi_framInterface)
                  08007748    00000014                        : spi_cfg.c.1.obj (.data:spi_ltcInterface)
                  0800775c    00000014                        : spi_cfg.c.1.obj (.data:spi_mxmInterface)
                  08007770    00000014                        : spi_cfg.c.1.obj (.data:spi_nxp775InterfaceRx)
                  08007784    00000014                        : spi_cfg.c.1.obj (.data:spi_nxp775InterfaceTx)
                  08007798    00000014                        : spi_cfg.c.1.obj (.data:spi_sbcMcuInterface)
                  080077ac    00000014                        : spi_cfg.c.1.obj (.data:spi_spsInterface)
                  080077c0    00000014                        : spi.c.1.obj (.data:spi_txLastWord)
                  080077d4    00000010     rtsv7R4_A_be_v3D16_eabi.lib : tmzone.c.obj (.data:_tz)
                  080077e4    00000010     libfoxbms-driver.a : can_cfg.c.1.obj (.data:can_tableStateRequest)
                  080077f4    00000010     libfoxbms-engine.a : database_cfg.c.1.obj (.data:data_blockContactorFeedback)
                  08007804    00000010                        : database_cfg.c.1.obj (.data:data_blockDummyForSelfTest)
                  08007814    00000010                        : database_cfg.c.1.obj (.data:data_blockHumidityTemperatureSensor)
                  08007824    00000010                        : database_cfg.c.1.obj (.data:data_blockStaterequest)
                  08007834    00000010                        : database_cfg.c.1.obj (.data:data_blockSystemstate)
                  08007844    00000010     libfoxbms-driver.a : htsensor.c.1.obj (.data:htsen_data)
                  08007854    00000010                        : interlock.c.1.obj (.data:ilck_state)
                  08007864    00000010                        : rtc.c.1.obj (.data)
                  08007874    00000010     libfoxbms-afe-driver.a : ltc_6813-1_cfg.c.1.obj (.data:ltc_mux_seq_main_ch1)
                  08007884    00000010     libfoxbms-engine.a : sys.c.1.obj (.data:sys_state)
                  08007894    0000000f     libfoxbms-afe-driver.a : ltc_6813-1.c.1.obj (.data:ltc_errorTable)
                  080078a3    00000001     libfoxbms-application.a : battery_system_cfg.c.1.obj (.data:bs_stringsWithPrecharge)
                  080078a4    0000000c     libfoxbms-driver.a : fram_cfg.c.1.obj (.data:fram_soc)
                  080078b0    0000000c                        : fram_cfg.c.1.obj (.data:fram_soe)
                  080078bc    0000000c     libfoxbms-afe-driver.a : ltc_6813-1.c.1.obj (.data:ltc_I2CcmdPortExpander1)
                  080078c8    0000000c                            : ltc_6813-1.c.1.obj (.data:ltc_I2CcmdTempSens0)
                  080078d4    0000000c                            : ltc_6813-1.c.1.obj (.data:ltc_I2CcmdTempSens1)
                  080078e0    0000000a     libfoxbms-driver.a : dma_cfg.c.1.obj (.data:dma_spiDmaChannels)
                  080078ea    0000000a                        : dma_cfg.c.1.obj (.data:dma_spiDmaRequests)
                  080078f4    0000000a     libfoxbms-application.a : bms.c.1.obj (.data)
                  080078fe    00000002     libfoxbms-driver.a : fram_cfg.c.1.obj (.data:fram_sbcInit)
                  08007900    00000008                        : pwm.c.1.obj (.data:ecap_inputPwmSignal)
                  08007908    00000008     libfoxbms-task.a : ftask_freertos.c.1.obj (.data:ftsk_rtcQueueStorageArea$9)
                  08007910    00000008     libfoxbms-algorithms.a : algorithm.c.1.obj (.data)
                  08007918    00000008     libfoxbms-driver.a : led.c.1.obj (.data)
                  08007920    00000008     libfoxbms-engine.a : sys_mon.c.1.obj (.data)
                  08007928    00000008     libfoxbms-os.a : port.c.1.obj (.data)
                  08007930    00000008     libfoxbms-task.a : os.c.1.obj (.data)
                  08007938    00000008     libfoxbms-afe-driver.a : ltc_6813-1.c.1.obj (.data:ltc_BC_cmdADOW_PDOWN_filtered_DCP0)
                  08007940    00000008                            : ltc_6813-1.c.1.obj (.data:ltc_BC_cmdADOW_PDOWN_normal_DCP0)
                  08007948    00000008                            : ltc_6813-1.c.1.obj (.data:ltc_BC_cmdADOW_PUP_filtered_DCP0)
                  08007950    00000008                            : ltc_6813-1.c.1.obj (.data:ltc_BC_cmdADOW_PUP_normal_DCP0)
                  08007958    00000008                            : ltc_6813-1.c.1.obj (.data:ltc_cmdADAX_fast_ALLGPIOS)
                  08007960    00000008                            : ltc_6813-1.c.1.obj (.data:ltc_cmdADAX_fast_GPIO1)
                  08007968    00000008                            : ltc_6813-1.c.1.obj (.data:ltc_cmdADAX_fast_GPIO2)
                  08007970    00000008                            : ltc_6813-1.c.1.obj (.data:ltc_cmdADAX_fast_GPIO3)
                  08007978    00000008                            : ltc_6813-1.c.1.obj (.data:ltc_cmdADAX_filtered_ALLGPIOS)
                  08007980    00000008                            : ltc_6813-1.c.1.obj (.data:ltc_cmdADAX_filtered_GPIO1)
                  08007988    00000008                            : ltc_6813-1.c.1.obj (.data:ltc_cmdADAX_filtered_GPIO2)
                  08007990    00000008                            : ltc_6813-1.c.1.obj (.data:ltc_cmdADAX_filtered_GPIO3)
                  08007998    00000008                            : ltc_6813-1.c.1.obj (.data:ltc_cmdADAX_normal_ALLGPIOS)
                  080079a0    00000008                            : ltc_6813-1.c.1.obj (.data:ltc_cmdADAX_normal_GPIO1)
                  080079a8    00000008                            : ltc_6813-1.c.1.obj (.data:ltc_cmdADAX_normal_GPIO2)
                  080079b0    00000008                            : ltc_6813-1.c.1.obj (.data:ltc_cmdADAX_normal_GPIO3)
                  080079b8    00000008                            : ltc_6813-1.c.1.obj (.data:ltc_cmdADCV_fast_DCP0)
                  080079c0    00000008                            : ltc_6813-1.c.1.obj (.data:ltc_cmdADCV_fast_DCP0_twocells)
                  080079c8    00000008                            : ltc_6813-1.c.1.obj (.data:ltc_cmdADCV_fast_DCP1)
                  080079d0    00000008                            : ltc_6813-1.c.1.obj (.data:ltc_cmdADCV_filtered_DCP0)
                  080079d8    00000008                            : ltc_6813-1.c.1.obj (.data:ltc_cmdADCV_filtered_DCP1)
                  080079e0    00000008                            : ltc_6813-1.c.1.obj (.data:ltc_cmdADCV_normal_DCP0)
                  080079e8    00000008                            : ltc_6813-1.c.1.obj (.data:ltc_cmdADCV_normal_DCP1)
                  080079f0    00000008                            : ltc_6813-1.c.1.obj (.data:ltc_cmdRDAUXA)
                  080079f8    00000008                            : ltc_6813-1.c.1.obj (.data:ltc_cmdRDAUXB)
                  08007a00    00000008                            : ltc_6813-1.c.1.obj (.data:ltc_cmdRDAUXC)
                  08007a08    00000008                            : ltc_6813-1.c.1.obj (.data:ltc_cmdRDAUXD)
                  08007a10    00000008                            : ltc_6813-1.c.1.obj (.data:ltc_cmdRDCFG)
                  08007a18    00000008                            : ltc_6813-1.c.1.obj (.data:ltc_cmdRDCOMM)
                  08007a20    00000008                            : ltc_6813-1.c.1.obj (.data:ltc_cmdRDCVA)
                  08007a28    00000008                            : ltc_6813-1.c.1.obj (.data:ltc_cmdRDCVB)
                  08007a30    00000008                            : ltc_6813-1.c.1.obj (.data:ltc_cmdRDCVC)
                  08007a38    00000008                            : ltc_6813-1.c.1.obj (.data:ltc_cmdRDCVD)
                  08007a40    00000008                            : ltc_6813-1.c.1.obj (.data:ltc_cmdRDCVE)
                  08007a48    00000008                            : ltc_6813-1.c.1.obj (.data:ltc_cmdRDCVF)
                  08007a50    00000008                            : ltc_6813-1.c.1.obj (.data:ltc_cmdSTCOMM)
                  08007a58    00000008                            : ltc_6813-1.c.1.obj (.data:ltc_cmdWRCFG2)
                  08007a60    00000008                            : ltc_6813-1.c.1.obj (.data:ltc_cmdWRCFG)
                  08007a68    00000008                            : ltc_6813-1.c.1.obj (.data:ltc_cmdWRCOMM)
                  08007a70    00000008                            : ltc_6813-1_cfg.c.1.obj (.data:ltc_mux_seq)
                  08007a78    00000008     libfoxbms-task.a : os.c.1.obj (.data:os_timer)
                  08007a80    00000008     libfoxbms-driver.a : rtc.c.1.obj (.data:rtc_SystemTime)
                  08007a88    00000007                        : can_cfg_tx.c.1.obj (.data)
                  08007a8f    00000001                        : fram_cfg.c.1.obj (.data:fram_deepDischargeFlags)
                  08007a90    00000006                        : fram_cfg.c.1.obj (.data:fram_version)
                  08007a96    00000005                        : spi_cfg.c.1.obj (.data:spi_busyFlags)
                  08007a9b    00000004                        : can.c.1.obj (.data:can_state)
                  08007a9f    00000001                        : fram_cfg.c.1.obj (.data:fram_insulationFlags)
                  08007aa0    00000004     libfoxbms-application.a : bal_cfg.c.1.obj (.data)
                  08007aa4    00000004                             : battery_cell_cfg.c.1.obj (.data)
                  08007aa8    00000004     libfoxbms-driver.a : can.c.1.obj (.data)
                  08007aac    00000004     libfoxbms-engine.a : masterinfo.c.1.obj (.data:minfo_state)
                  08007ab0    00000004     libfoxbms-driver.a : spi_cfg.c.1.obj (.data:spi_kFramDataConfig)
                  08007ab4    00000004                        : spi_cfg.c.1.obj (.data:spi_kLtcDataConfig)
                  08007ab8    00000004                        : spi_cfg.c.1.obj (.data:spi_kMxmDataConfig)
                  08007abc    00000004                        : spi_cfg.c.1.obj (.data:spi_kNxp775DataConfigRx)
                  08007ac0    00000004                        : spi_cfg.c.1.obj (.data:spi_kNxp775DataConfigTx)
                  08007ac4    00000004                        : spi_cfg.c.1.obj (.data:spi_kSbcDataConfig)
                  08007ac8    00000004                        : spi_cfg.c.1.obj (.data:spi_kSpsDataConfigHighSpeed)
                  08007acc    00000004                        : spi_cfg.c.1.obj (.data:spi_kSpsDataConfigLowSpeed)
                  08007ad0    00000004                        : sps.c.1.obj (.data:sps_spiRxReadAnswerDuringChannelControl)
                  08007ad4    00000004                        : sps.c.1.obj (.data:sps_spiRxRegisterBuffer)
                  08007ad8    00000004                        : sps.c.1.obj (.data:sps_spiTxRegisterBuffer)
                  08007adc    00000004                        : sps.c.1.obj (.data:sps_spiTxWriteToChannelChannelControlRegister)
                  08007ae0    00000003                        : pex.c.1.obj (.data:pex_configDirectionPort1)
                  08007ae3    00000003                        : pex.c.1.obj (.data:pex_configDirectionPort1Local)
                  08007ae6    00000003                        : pex.c.1.obj (.data:pex_configPolarityPort0)
                  08007ae9    00000003                        : pex.c.1.obj (.data:pex_configPolarityPort0Local)
                  08007aec    00000003                        : pex.c.1.obj (.data:pex_configPolarityPort1)
                  08007aef    00000003                        : pex.c.1.obj (.data:pex_configPolarityPort1Local)
                  08007af2    00000003                        : pex.c.1.obj (.data:pex_inputPort0)
                  08007af5    00000003                        : pex.c.1.obj (.data:pex_inputPort0Local)
                  08007af8    00000003                        : pex.c.1.obj (.data:pex_inputPort1)
                  08007afb    00000003                        : pex.c.1.obj (.data:pex_inputPort1Local)
                  08007afe    00000003                        : pex.c.1.obj (.data:pex_outputPort0)
                  08007b01    00000003                        : pex.c.1.obj (.data:pex_outputPort0Local)
                  08007b04    00000003                        : pex.c.1.obj (.data:pex_outputPort1)
                  08007b07    00000003                        : pex.c.1.obj (.data:pex_outputPort1Local)
                  08007b0a    00000002                        : crc.c.1.obj (.data)
                  08007b0c    00000002                        : htsensor.c.1.obj (.data)
                  08007b0e    00000002                        : i2c.c.1.obj (.data)
                  08007b10    00000002                        : sps.c.1.obj (.data)
                  08007b12    00000002     libfoxbms-afe-driver.a : ltc_6813-1.c.1.obj (.data:ltc_used_cells_index)
                  08007b14    00000002     libfoxbms-driver.a : pwm.c.1.obj (.data:pwm_state)
                  08007b16    00000001     libfoxbms-task.a : ftask_freertos.c.1.obj (.data:ftsk_afeRequestQueueStorageArea$7)
                  08007b17    00000001     libfoxbms-driver.a : adc.c.1.obj (.data)
                  08007b18    00000001     libfoxbms-engine.a : diag.c.1.obj (.data)

.bss       0    08007b1c    000003e8     UNINITIALIZED
                  08007b1c    000002c8     libfoxbms-engine.a : diag.c.1.obj (.bss:diag)
                  08007de4    00000078     libfoxbms-hal.a : HL_spi.c.1.obj (.bss:g_spiPacket_t)
                  08007e5c    00000050     libfoxbms-engine.a : sys_mon.c.1.obj (.bss:sysm_notifications)
                  08007eac    00000030     libfoxbms-algorithms.a : sof_trapezoid.c.1.obj (.bss:sof_curveRecommendedOperatingCurrent)
                  08007edc    00000018     libfoxbms-hal.a : HL_i2c.c.1.obj (.bss:g_i2cTransfer_t)
                  08007ef4    00000004     libfoxbms-engine.a : diag.c.1.obj (.bss)
                  08007ef8    00000004     (.common:ftsk_afeRequestQueue)
                  08007efc    00000004     (.common:ftsk_taskHandleAfe)
                  08007f00    00000004     (.common:ftsk_taskHandleI2c)

.sharedRAM 
*          0    0807e000    00000091     UNINITIALIZED
                  0807e000    00000070     libfoxbms-afe-driver.a : ltc_6813-1.c.1.obj (.sharedRAM)
                  0807e070    00000014     libfoxbms-driver.a : rtc.c.1.obj (.sharedRAM)
                  0807e084    00000008                        : htsensor.c.1.obj (.sharedRAM)
                  0807e08c    00000005                        : pex.c.1.obj (.sharedRAM)

__llvm_prf_cnts 
*          0    08001000    00000000     UNINITIALIZED

MODULE SUMMARY

       Module                                       code     ro data   rw data
       ------                                       ----     -------   -------
    src\app\main\
       fstartup.c.1.obj                             368      0         0      
       main.c.1.obj                                 256      0         0      
       version_cfg.c.1.obj                          0        146       0      
       fassert.c.1.obj                              20       0         0      
    +--+--------------------------------------------+--------+---------+---------+
       Total:                                       644      146       0      
                                                                              
    C:\ti\ccs1031\ccs\tools\compiler\ti-cgt-arm_20.2.4.LTS\lib\rtsv7R4_A_be_v3D16_eabi.lib
       mktime.c.obj                                 976      96        0      
       ull_div32.asm.obj                            696      0         0      
       localtim.c.obj                               488      0         36     
       memcpy32.asm.obj                             384      0         0      
       memset32.asm.obj                             176      0         0      
       ll_div32.asm.obj                             152      0         0      
       copy_decompress_lzss.c.obj                   144      0         0      
       fs_toll32.asm.obj                            132      0         0      
       ti_fmax.c.obj                                132      0         0      
       fs_toull32.asm.obj                           108      0         0      
       autoinit.c.obj                               104      0         0      
       i_div32.asm.obj                              84       0         0      
       u_div32.asm.obj                              80       0         0      
       ll_lsl32.asm.obj                             36       0         0      
       ll_lsr32.asm.obj                             36       0         0      
       strlen.c.obj                                 32       0         0      
       copy_decompress_none.c.obj                   20       0         0      
       copy_zero_init.c.obj                         16       0         0      
       tmzone.c.obj                                 0        0         16     
       exit.c.obj                                   8        0         0      
       div0.asm.obj                                 4        0         0      
    +--+--------------------------------------------+--------+---------+---------+
       Total:                                       3808     96        52     
                                                                              
    src\app\application\algorithm\libfoxbms-algorithms.a
       moving_average.c.1.obj                       2580     8         2653   
       sof_trapezoid.c.1.obj                        2316     80        144    
       soe_counting.c.1.obj                         2280     52        144    
       soc_counting.c.1.obj                         2020     52        144    
       algorithm.c.1.obj                            796      0         8      
       state_estimation.c.1.obj                     268      0         60     
       algorithm_cfg.c.1.obj                        204      2         24     
       soh_none.c.1.obj                             112      0         0      
       sof_trapezoid_cfg.c.1.obj                    0        36        0      
    +--+--------------------------------------------+--------+---------+---------+
       Total:                                       10576    230       3177   
                                                                              
    src\app\application\libfoxbms-application.a
       bms.c.1.obj                                  8312     104       258    
       redundancy.c.1.obj                           7072     124       864    
       soa.c.1.obj                                  2076     0         0      
       battery_cell_cfg.c.1.obj                     0        1600      4      
       plausibility.c.1.obj                         944      0         0      
       soa_cfg.c.1.obj                              240      0         0      
       bal_cfg.c.1.obj                              68       0         4      
       bal_strategy_none.c.1.obj                    20       0         0      
       battery_system_cfg.c.1.obj                   0        0         1      
    +--+--------------------------------------------+--------+---------+---------+
       Total:                                       18732    1828      1131   
                                                                              
    src\app\driver\afe\ltc\6813-1\libfoxbms-afe-driver.a
       ltc_6813-1.c.1.obj                           29948    4         1817   
       ltc_pec.c.1.obj                              152      512       0      
       ltc_afe.c.1.obj                              656      0         0      
       afe_plausibility.c.1.obj                     176      0         0      
       ltc_afe_dma.c.1.obj                          160      0         0      
       ltc_6813-1_cfg.c.1.obj                       0        26        24     
    +--+--------------------------------------------+--------+---------+---------+
       Total:                                       31092    542       1841   
                                                                              
    src\app\driver\libfoxbms-driver.a
       can_cbs_tx_state.c.1.obj                     5440     12        0      
       nxpfs85xx.c.1.obj                            4588     12        96     
       i2c.c.1.obj                                  4668     0         2      
       rtc.c.1.obj                                  4028     252       44     
       spi.c.1.obj                                  3796     52        20     
       can.c.1.obj                                  3500     252       8      
       can_cbs_rx_debug.c.1.obj                     3252     8         0      
       sps.c.1.obj                                  2516     0         18     
       can_cbs_tx_system-values.c.1.obj             2432     0         0      
       pex.c.1.obj                                  2344     0         53     
       can_cbs_tx_minimum-maximum-values.c.1.obj    2300     0         0      
       can_cbs_rx_current-sensor.c.1.obj            2060     40        168    
       can_helper.c.1.obj                           1972     64        176    
       can_cbs_tx_debug-response.c.1.obj            2124     0         0      
       dma.c.1.obj                                  1756     256       0      
       imd.c.1.obj                                  1824     0         48     
       can_cbs_tx_pack-state-estimation.c.1.obj     1836     0         0      
       can_cbs_tx_cell-temperatures.c.1.obj         1320     260       0      
       can_cbs_tx_limit-values.c.1.obj              1544     0         0      
       fram.c.1.obj                                 1516     0         0      
       sbc.c.1.obj                                  1444     0         28     
       contactor.c.1.obj                            1372     0         0      
       can_cbs_tx_cell-voltages.c.1.obj             1128     180       0      
       interlock.c.1.obj                            900      140       48     
       sbc_fs8x_communication.c.1.obj               780      262       0      
       can_cbs_rx_state-request.c.1.obj             992      0         0      
       can_cfg.c.1.obj                              0        68        848    
       can_cbs_tx_string-state-estimation.c.1.obj   904      0         0      
       epcos_b57861s0103f045.c.1.obj                516      346       0      
       can_cbs_rx_imd.c.1.obj                       744      40        0      
       pwm.c.1.obj                                  696      52        10     
       htsensor.c.1.obj                             692      0         26     
       adc.c.1.obj                                  304      0         397    
       foxmath.c.1.obj                              584      0         0      
       sbc_fs8x.c.1.obj                             560      0         0      
       crc.c.1.obj                                  520      0         2      
       io.c.1.obj                                   484      0         0      
       can_cfg_tx.c.1.obj                           0        393       7      
       meas.c.1.obj                                 340      0         0      
       led.c.1.obj                                  316      0         8      
       spi_cfg.c.1.obj                              112      1         177    
       can_cfg_rx.c.1.obj                           0        241       0      
       mcu.c.1.obj                                  204      4         0      
       can_cbs_tx_unsupported-message.c.1.obj       180      0         0      
       fram_cfg.c.1.obj                             0        0         162    
       sps_cfg.c.1.obj                              0        16        128    
       no-imd.c.1.obj                               120      0         0      
       dma_cfg.c.1.obj                              0        0         40     
       contactor_cfg.c.1.obj                        0        0         21     
       tsi_limits.c.1.obj                           20       0         0      
       checksum.c.1.obj                             8        0         0      
       pex_cfg.c.1.obj                              0        3         0      
    +--+--------------------------------------------+--------+---------+---------+
       Total:                                       68736    2954      2535   
                                                                              
    src\app\engine\libfoxbms-engine.a
       sys.c.1.obj                                  2648     99        16     
       diag.c.1.obj                                 1988     0         717    
       database_cfg.c.1.obj                         0        0         2600   
       database.c.1.obj                             2144     60        33     
       diag_cfg.c.1.obj                             36       16        2152   
       diag_cbs_current.c.1.obj                     1744     0         0      
       sys_mon.c.1.obj                              1460     44        132    
       diag_cbs_temperature.c.1.obj                 1296     0         0      
       diag_cbs_voltage.c.1.obj                     1024     0         0      
       diag_cbs_afe.c.1.obj                         940      0         0      
       diag_cbs_plausibility.c.1.obj                588      0         0      
       database_helper.c.1.obj                      564      0         0      
       diag_cbs_contactor.c.1.obj                   516      0         0      
       diag_cbs_bms.c.1.obj                         452      0         0      
       diag_cbs_sys-mon.c.1.obj                     372      0         0      
       diag_cbs_insulation.c.1.obj                  352      0         0      
       diag_cbs_current-sensor.c.1.obj              324      0         0      
       diag_cbs_can.c.1.obj                         320      0         0      
       diag_cbs_power-measurement.c.1.obj           296      0         0      
       sys_cfg.c.1.obj                              248      0         0      
       diag_cbs_deep-discharge.c.1.obj              228      0         0      
       diag_cbs_i2c.c.1.obj                         220      0         0      
       diag_cbs_rtc.c.1.obj                         220      0         0      
       diag_cbs_sbc.c.1.obj                         216      0         0      
       diag_cbs_fram.c.1.obj                        164      0         0      
       diag_cbs_interlock.c.1.obj                   156      0         0      
       diag_cbs_dummy.c.1.obj                       112      0         0      
       sys_mon_cfg.c.1.obj                          4        0         60     
       masterinfo.c.1.obj                           56       0         4      
       reset.c.1.obj                                4        0         0      
    +--+--------------------------------------------+--------+---------+---------+
       Total:                                       18692    219       5714   
                                                                              
    src\app\task\libfoxbms-task.a
       ftask_freertos.c.1.obj                       1556     0         13125  
       os_freertos.c.1.obj                          976      0         676    
       ftask.c.1.obj                                948      0         0      
       ftask_cfg.c.1.obj                            504      0         143    
       os.c.1.obj                                   552      0         16     
    +--+--------------------------------------------+--------+---------+---------+
       Total:                                       4536     0         13960  
                                                                              
    src\hal\libfoxbms-hal.a
       HL_can.c.1.obj                               7252     32        0      
       HL_etpwm.c.1.obj                             3888     0         0      
       HL_het.c.1.obj                               1436     1920      0      
       HL_spi.c.1.obj                               3108     0         120    
       HL_sys_vim.c.1.obj                           1648     512       0      
       HL_adc.c.1.obj                               1740     48        0      
       HL_i2c.c.1.obj                               1428     0         24     
       HL_system.c.1.obj                            1412     0         0      
       HL_sys_dma.c.1.obj                           1400     0         0      
       HL_pinmux.c.1.obj                            1320     0         0      
       HL_ecap.c.1.obj                              1224     0         0      
       HL_esm.c.1.obj                               1132     0         0      
       HL_crc.c.1.obj                               1092     0         0      
       HL_sys_core.asm.1.obj                        964      0         0      
       HL_sys_mpu.asm.1.obj                         888      0         0      
       HL_errata_SSWF021_45.c.1.obj                 884      0         0      
       HL_gio.c.1.obj                               516      0         0      
       HL_emif.c.1.obj                              480      0         0      
       HL_notification.c.1.obj                      108      0         0      
       HL_sys_intvecs.asm.1.obj                     32       0         0      
       HL_sys_phantom.c.1.obj                       4        0         0      
    +--+--------------------------------------------+--------+---------+---------+
       Total:                                       31956    2512      144    
                                                                              
    src\os\freertos\libfoxbms-os.a
       tasks.c.1.obj                                9324     4         460    
       queue.c.1.obj                                3324     0         0      
       mpu_wrappers.c.1.obj                         2708     0         0      
       stream_buffer.c.1.obj                        2540     0         0      
       portasm.asm.1.obj                            1200     0         0      
       event_groups.c.1.obj                         1040     0         0      
       port.c.1.obj                                 560      0         8      
       list.c.1.obj                                 272      0         0      
    +--+--------------------------------------------+--------+---------+---------+
       Total:                                       20968    4         468    
                                                                              
       Linker Generated:                            0        1837      0      
    +--+--------------------------------------------+--------+---------+---------+
       Grand Total:                                 209740   10368     29022  


LINKER GENERATED COPY TABLES

__TI_cinit_table @ 00004e70 records: 4, size/record: 8, table size: 32
	.data: load addr=00004760, load size=000006e5 bytes, run addr=08001000, run size=00006b19 bytes, compression=lzss
	.sharedRAM: load addr=00004e54, load size=0000000b bytes, run addr=0807e000, run size=00000091 bytes, compression=lzss
	.kernelBSS: load addr=00004e5f, load size=00000009 bytes, run addr=08000800, run size=000001cc bytes, compression=lzss
	.bss: load addr=00004e68, load size=00000008 bytes, run addr=08007b1c, run size=000003e8 bytes, compression=zero_init


LINKER GENERATED HANDLER TABLE

__TI_handler_table @ 00004e48 records: 3, size/record: 4, table size: 12
	index: 0, handler: __TI_decompress_lzss
	index: 1, handler: __TI_decompress_none
	index: 2, handler: __TI_zero_init


GLOBAL SYMBOLS: SORTED ALPHABETICALLY BY Name 

address   name                                            
-------   ----                                            
000346fc  ADC_Control                                     
00035838  AFE_DmaCallback                                 
00031bbc  AFE_Initialize                                  
00031bb4  AFE_IsFirstMeasurementCycleFinished             
00035808  AFE_IsTransmitOngoing                           
000354d8  AFE_PlausibilityCheckTempMinMax                 
[...]
0003254c  FS8x_SwitchAMUXchannel                          
00032598  FS8x_SetRegulatorState                          
000325d0  FS8x_GetFaultErrorCounterValue                  
00032608  FS8x_FS0B_Release                               
00032700  OS_InitializeOperatingSystem                    
00032738  OS_IncrementTimer                               
00032818  OS_CheckTimeHasPassedWithTimestamp              
00032848  OS_CheckTimeHasPassedSelfTest                   
000328e4  OS_CheckTimeHasPassed                           
00032928  CRC_CalculateCrc                                
00032b30  TS_Epc01GetTemperatureFromPolynomial            
00032bb8  LTC_ConvertMuxVoltagesToTemperatures            
00032bb8  TSI_GetTemperature                              
00032bb8  TS_Epc01GetTemperatureFromLut                   
00032d34  DIAG_StringContactorFeedback                    
00032e54  DIAG_PrechargeContactorFeedback                 
00032f38  gioToggleBit                                    
00032f58  gioSetPort                                      
00032f60  gioSetDirection                                 
00032f68  gioSetBit                                       
00032f88  gioInit                                         
00032ff8  gioGetPort                                      
00033000  gioGetConfigValue                               
000330b8  gioGetBit                                       
000330c8  gioEnableNotification                           
000330f8  gioDisableNotification                          
0003313c  FTSK_RunUserCodeIdle                            
0003313c  vApplicationIdleHook                            
00033140  FTSK_RunUserCodeI2c                             
00033168  FTSK_RunUserCodeEngine                          
00033178  FTSK_RunUserCodeCyclicAlgorithm100ms            
00033194  FTSK_RunUserCodeCyclic1ms                       
000331ac  FTSK_RunUserCodeCyclic10ms                      
00033210  FTSK_RunUserCodeCyclic100ms                     
0003324c  FTSK_RunUserCodeAfe                             
00033250  FTSK_InitializeUserCodePreCyclicTasks           
000332bc  FTSK_InitializeUserCodeEngine                   
00033334  __localtime32                                   
00033334  localtime                                       
0003351c  IO_SetPinDirectionToOutput                      
00033578  IO_SetPinDirectionToInput                       
000335d4  IO_PinSet                                       
00033630  IO_PinReset                                     
0003368c  IO_PinGet                                       
00033700  emif_SDRAM_StartupInit                          
00033754  emif_SDRAMInit                                  
00033758  emif_ASYNC3Init                                 
00033794  emif_ASYNC2Init                                 
000337d0  emif_ASYNC1Init                                 
0003380c  emifGetConfigValue                              
000338e0  DIAG_PrechargeProcess                           
00033a08  DIAG_AlertFlag                                  
00033aa4  __aeabi_memcpy                                  
00033aa4  __aeabi_memcpy4                                 
00033aa4  __aeabi_memcpy8                                 
00033aa4  memcpy                                          
00033c24  vimECCErrorHandler                              
00033de4  DIAG_ErrorSystemMonitoring                      
00033f10  DIAG_Insulation                                 
00034070  MEAS_RequestTemperatureRead                     
000340a0  MEAS_RequestOpenWireCheck                       
000340d0  MEAS_RequestIoWrite                             
00034100  MEAS_RequestIoRead                              
00034130  MEAS_RequestEepromWrite                         
00034160  MEAS_RequestEepromRead                          
00034190  MEAS_RequestBalancingFeedbackRead               
000341c0  MEAS_Control                                    
000341c4  DIAG_ErrorCurrentSensor                         
00034308  i2cInterrupt                                    
0003444c  DIAG_ErrorCanTiming                             
000344e8  DIAG_ErrorCanRxQueueFull                        
0003458c  LED_Trigger                                     
0003464c  LED_SetToggleTime                               
000346ac  LED_SetDebugLed                                 
000346fc  ADC_Control                                     
000347f8  DIAG_ErrorPowerMeasurement                      
00034920  SE_RunStateEstimations                          
0003494c  SE_InitializeSoh                                
00034990  SE_InitializeSoe                                
000349dc  SE_InitializeSoc                                
00034a2c  main                                            
00034b2c  SYS_SendBootMessage                             
00034c24  SOA_IsStringCurrentLimitViolated                
00034c48  SOA_IsPackCurrentLimitViolated                  
00034c6c  SOA_IsCurrentOnOpenString                       
00034cd0  SOA_IsCellCurrentLimitViolated                  
00034d14  DIAG_ErrorDeepDischarge                         
00034df8  esmHighInterrupt                                
00034edc  DIAG_I2c                                        
00034fb8  DIAG_Rtc                                        
00035094  DIAG_Sbc                                        
0003516c  ALGO_MarkAsReinit                               
000351c0  ALGO_MarkAsDone                                 
00035238  MCU_GetFreeRunningCount                         
00035244  MCU_ConvertFrcDifferenceToTimespan_us           
00035268  MCU_IsTimeElapsed                               
00035298  MCU_Delay_us                                    
000353cc  CANTX_UnsupportedMultiplexerValue               
00035480  AFE_PlausibilityCheckVoltageMeasurementRange    
000354d8  AFE_PlausibilityCheckTempMinMax                 
00035530  __aeabi_memclr                                  
00035530  __aeabi_memclr4                                 
00035530  __aeabi_memclr8                                 
00035534  __aeabi_memset                                  
00035534  __aeabi_memset4                                 
00035534  __aeabi_memset8                                 
00035540  memset                                          
000355e0  _c_int00                                        
00035688  dmaLFSAInterrupt                                
000356d8  dmaBTCAInterrupt                                
00035730  DIAG_FramError                                  
000357d4  AFE_SetTransmitOngoing                          
00035808  AFE_IsTransmitOngoing                           
00035838  AFE_DmaCallback                                 
00035874  DIAG_ErrorInterlock                             
00035910  LTC_CalculatePec15                              
000359a8  __aeabi_ldivmod                                 
00035a40  __TI_decompress_lzss                            
00035ad0  MATH_MinimumOfTwoFloats                         
00035ad0  fminf                                           
00035b54  __aeabi_f2lz                                    
00035bd8  IMD_ProcessShutdownState                        
00035c10  IMD_ProcessRunningState                         
00035c40  IMD_ProcessInitializationState                  
00035c48  IMD_ProcessEnableState                          
00035c50  SE_InitializeStateOfHealth                      
00035c98  SE_CalculateStateOfHealth                       
00035cc0  SPI_SpsInterfaceSwitchToLowSpeed                
00035cf4  SPI_SpsInterfaceSwitchToHighSpeed               
00035d30  DIAG_DummyCallback                              
00035da4  spiEndNotification                              
00035da8  sciNotification                                 
00035dac  pwmNotification                                 
00035db0  linNotification                                 
00035db4  i2cNotification                                 
00035db8  hetNotification                                 
00035dbc  gioNotification                                 
00035dc0  etpwmTripNotification                           
00035dc4  etpwmNotification                               
00035dc8  esmGroup3Notification                           
00035dcc  esmGroup2Notification                           
00035dd0  esmGroup1Notification                           
00035dd4  eqepNotification                                
00035dd8  epcFIFOFullNotification                         
00035ddc  epcCAMFullNotification                          
00035de0  emacTxNotification                              
00035de4  emacRxNotification                              
00035de8  edgeNotification                                
00035df4  dccNotification                                 
00035df8  crcNotification                                 
00035dfc  canStatusChangeNotification                     
00035e04  canErrorNotification                            
00035e08  adcNotification                                 
00035e0c  __aeabi_f2ulz                                   
00035e78  __TI_auto_init_nobinit_nopinit                  
00035ee0  ecap1Interrupt                                  
00035f38  __aeabi_idiv                                    
00035f38  __aeabi_idivmod                                 
00035f8c  __aeabi_uidiv                                   
00035f8c  __aeabi_uidivmod                                
00035fdc  BAL_SetBalancingThreshold                       
00036010  BAL_GetBalancingThreshold_mV                    
00036020  MINFO_SetResetSource                            
0003602c  MINFO_SetDebugProbeConnectionState              
00036038  MINFO_GetResetSource                            
00036044  MINFO_GetDebugProbeConnectionState              
00036084  DIAG_UpdateFlags                                
000360a8  __aeabi_llsl                                    
000360cc  __aeabi_llsr                                    
000360f0  strlen                                          
00036110  __TI_decompress_none                            
00036124  FAS_StoreAssertLocation                         
00036138  BAL_Trigger                                     
0003613c  BAL_SetStateRequest                             
00036144  BAL_GetInitializationState                      
0003614c  TSI_GetMinimumPlausibleTemperature              
00036154  TSI_GetMaximumPlausibleTemperature              
00036160  __TI_zero_init                                  
00036170  C$$EXIT                                         
00036170  abort                                           
00036178  CHK_ValidateChecksum                            
00036180  SYS_TriggerSoftwareReset                        
00036188  phantomInterrupt                                
0003618c  __aeabi_idiv0                                   
0003618c  __aeabi_ldiv0                                   
000368e0  bc_stateOfChargeLookupTable                     
00036c00  bc_stateOfEnergyLookupTable                     
00037320  can_txMessages                                  
00037700  can_rxMessages                                  
000379d7  can_rxLength                                    
00037ba8  can_kShim                                       
00037cb2  algo_length                                     
00037df4  sof_recommendedCurrent                          
000380ec  ltc_voltage_input_used                          
000381a0  diag_kDatabaseShim                              
000381b0  sps_kChannelFeedbackMapping                     
00038210  ltc_muxsensortemperatur_cfg                     
00038248  can_node1                                       
0003824c  can_node2Isolated                               
00038254  uxTopUsedPriority                               
0003825c  pex_addressList                                 
0003825f  can_txLength                                    
00038260  spi_nrBusyFlags                                 
00038280  MPU_xTaskResumeAll                              
000382a0  MPU_xTaskGetTickCount                           
000382a0  OS_GetTickCount                                 
000382c0  MPU_xTaskGetSchedulerState                      
000382e0  MPU_xTaskGetIdleTaskHandle                      
00038300  MPU_xTaskGetHandle                              
00038328  MPU_xTaskGetCurrentTaskHandle                   
00038348  MPU_xTaskGenericNotifyWait                      
00038390  MPU_xTaskGenericNotifyStateClear                
000383c0  MPU_xTaskGenericNotify                          
00038408  MPU_xTaskDelayUntil                             
00038438  MPU_xTaskCreateStatic                           
00038494  MPU_xTaskCreateRestrictedStatic                 
000384c4  MPU_xTaskCheckForTimeOut                        
000384f4  MPU_xTaskCatchUpTicks                           
0003851c  MPU_xTaskAbortDelay                             
00038544  MPU_xStreamBufferSpacesAvailable                
0003856c  MPU_xStreamBufferSetTriggerLevel                
0003859c  MPU_xStreamBufferSend                           
000385dc  MPU_xStreamBufferReset                          
00038604  MPU_xStreamBufferReceive                        
00038644  MPU_xStreamBufferNextMessageLengthBytes         
0003866c  MPU_xStreamBufferIsFull                         
00038694  MPU_xStreamBufferIsEmpty                        
000386bc  MPU_xStreamBufferGenericCreateStatic            
00038704  MPU_xStreamBufferBytesAvailable                 
0003872c  MPU_xQueueSemaphoreTake                         
0003875c  MPU_xQueueReceive                               
00038794  MPU_xQueuePeek                                  
000387cc  MPU_xQueueGenericSend                           
0003880c  MPU_xQueueGenericReset                          
0003883c  MPU_xQueueGenericCreateStatic                   
00038884  MPU_xEventGroupWaitBits                         
000388cc  MPU_xEventGroupSync                             
0003890c  MPU_xEventGroupSetBits                          
0003893c  MPU_xEventGroupCreateStatic                     
00038964  MPU_xEventGroupClearBits                        
00038994  MPU_vTaskSuspendAll                             
000389b4  MPU_vTaskSuspend                                
000389dc  MPU_vTaskSetTimeOutState                        
00038a04  MPU_vTaskSetThreadLocalStoragePointer           
00038a3c  MPU_vTaskResume                                 
00038a64  MPU_vTaskPrioritySet                            
00038a94  MPU_vTaskDelete                                 
00038abc  MPU_vTaskAllocateMPURegions                     
00038aec  MPU_vStreamBufferDelete                         
00038b14  MPU_vQueueDelete                                
00038b3c  MPU_vEventGroupDelete                           
00038b64  MPU_uxTaskPriorityGet                           
00038b8c  MPU_uxTaskGetStackHighWaterMark                 
00038bb4  MPU_uxTaskGetNumberOfTasks                      
00038bd4  MPU_uxQueueSpacesAvailable                      
00038bfc  MPU_uxQueueMessagesWaiting                      
00038c24  MPU_ulTaskGenericNotifyValueClear               
00038c5c  MPU_ulTaskGenericNotifyTake                     
00038c94  MPU_pvTaskGetThreadLocalStoragePointer          
00038cc4  MPU_pcTaskGetName                               
00038cec  MPU_eTaskGetState                               
003fff40  ver_foxbmsVersionInformation                    
08000800  pxCurrentTCB                                    
08001000  __start___llvm_prf_cnts                         
08001000  __stop___llvm_prf_cnts                          
08002400  diag_diagnosisIdConfiguration                   
08004f4c  diag_device                                     
080050a4  data_database                                   
080054b4  ltc_stateBase                                   
08005598  persistant_error_flags                          
08006268  sps_channelStatus                               
08006628  fs85xx_mcuSupervisor                            
0800679c  fram_base_header                                
0800710c  sysm_ch_cfg                                     
08007304  fram_sys_mon_record                             
080074f8  ftsk_allQueuesCreated                           
080074fc  ftsk_databaseQueue                              
08007500  ftsk_imdCanDataQueue                            
08007504  ftsk_canRxQueue                                 
08007508  ftsk_rtcSetTimeQueue                            
0800750c  ftsk_afeToI2cQueue                              
08007510  ftsk_afeFromI2cQueue                            
08007514  sbc_stateMcuSupervisor                          
08007530  algo_algorithms                                 
080075f0  cont_contactorStates                            
08007630  dma_spiInterfaces                               
08007658  ftsk_taskDefinitionAfe                          
0800766c  ftsk_taskDefinitionCyclic100ms                  
08007680  ftsk_taskDefinitionCyclic10ms                   
08007694  ftsk_taskDefinitionCyclic1ms                    
080076a8  ftsk_taskDefinitionCyclicAlgorithm100ms         
080076bc  ftsk_taskDefinitionEngine                       
080076d0  ftsk_taskDefinitionI2c                          
08007734  spi_framInterface                               
08007748  spi_ltcInterface                                
0800775c  spi_mxmInterface                                
08007770  spi_nxp775InterfaceRx                           
08007784  spi_nxp775InterfaceTx                           
08007798  spi_sbcMcuInterface                             
080077ac  spi_spsInterface                                
080077d4  _tz                                             
08007874  ltc_mux_seq_main_ch1                            
08007884  sys_state                                       
080078a3  bs_stringsWithPrecharge                         
080078a4  fram_soc                                        
080078b0  fram_soe                                        
080078e0  dma_spiDmaChannels                              
080078ea  dma_spiDmaRequests                              
080078fe  fram_sbcInit                                    
08007928  ulCriticalNesting                               
0800792c  ulTaskHasFPUContext                             
08007930  os_boot                                         
08007934  os_schedulerStartTime                           
08007a70  ltc_mux_seq                                     
08007a8f  fram_deepDischargeFlags                         
08007a90  fram_version                                    
08007a96  spi_busyFlags                                   
08007a9f  fram_insulationFlags                            
08007aa4  bc_stateOfChargeLookupTableLength               
08007aa6  bc_stateOfEnergyLookupTableLength               
08007b0e  i2c_rxLastByteInterface1                        
08007b0f  i2c_rxLastByteInterface2                        
08007ef8  ftsk_afeRequestQueue                            
08007efc  ftsk_taskHandleAfe                              
08007f00  ftsk_taskHandleI2c                              
0807e000  ltc_RxPecBuffer                                 
0807e038  ltc_TxPecBuffer                                 
0807e084  i2cReadBuffer                                   
0807e08a  i2cWriteBuffer                                  
ffffffff  __TI_pprof_out_hndl                             
ffffffff  __TI_prof_data_size                             
ffffffff  __TI_prof_data_start                            
ffffffff  __binit__                                       
ffffffff  __c_args__                                      
ffffffff  binit                                           
UNDEFED   SHT$$INIT_ARRAY$$Base                           
UNDEFED   SHT$$INIT_ARRAY$$Limit                          
UNDEFED   _system_post_cinit                              

[1037 symbols]
