******************************************************************************
                  TI ARM Linker PC v20.2.4                     
******************************************************************************
>> Linked Tue Oct 17 13:13:08 2023

OUTPUT FILE NAME:   <C:\Users\Smit\Documents\foxbms-2\build\bin\src\app\main\foxbms.elf>
ENTRY POINT SYMBOL: "_c_int00"  address: 000349f4


MEMORY CONFIGURATION

         name            origin    length      used     unused   attr    fill
----------------------  --------  ---------  --------  --------  ----  --------
  VECTORS_TABLE         00000000   00000020  00000020  00000000     X (ffffffff)
  KERNEL_FUNCTIONS      00000020   00008000  00004e58  000031a8  R  X (ffffffff)
  FLASH                 00008020   003f7f20  000300bd  003c7e63  R  X (ffffffff)
  VER_VERSION_INFORMATI 003fff40   000000c0  00000092  0000002e  R  X (ffffffff)
  STACKS                08000000   00000800  00000000  00000800  RW  
  KERNEL_DATA           08000800   00000800  000001cc  00000634  RW  
  RAM                   08001000   0007d000  00006f01  000760ff  RW  
  SHARED_RAM            0807e000   00002000  00000091  00001f6f  RW  
  ECC_VECTORS_TABLE     f0400000   00000004  00000000  00000004  R   
  ECC_KERNEL_FUNCTIONS  f0400004   00001000  00000000  00001000  R   
  ECC_FLASH             f0401004   0007efe4  00000000  0007efe4  R   
  ECC_VERSION_INFORMATI f047ffe8   00000018  00000000  00000018  R   


SEGMENT ALLOCATION MAP

run origin  load origin   length   init length attrs members
----------  ----------- ---------- ----------- ----- -------
00000000    00000000    00004748   00004748    r-x
  00000000    00000000    00000020   00000020    r-x .intvecs
  00000020    00000020    00004728   00004728    r-x .kernelTEXT
00004760    00004760    00000730   00000730    r--
  00004760    00004760    00000730   00000730    r-- .cinit
00008020    00008020    0002d584   0002d584    r-x
  00008020    00008020    0002d584   0002d584    r-x .text
000355c0    000355c0    000020a5   000020a5    r--
  000355c0    000355c0    000020a5   000020a5    r-- .const
00037680    00037680    00000a94   00000a94    r-x
  00037680    00037680    00000a94   00000a94    r-x .syscallTEXT
003fff40    003fff40    00000092   00000092    r--
  003fff40    003fff40    00000092   00000092    r-- .versionInformation
08000800    08000800    000001cc   00000000    rw-
  08000800    08000800    000001cc   00000000    rw- .kernelBSS
08001000    08001000    00006f04   00000000    rw-
  08001000    08001000    00006b19   00000000    rw- .data
  08007b1c    08007b1c    000003e8   00000000    rw- .bss
0807e000    0807e000    00000091   00000000    rw-
  0807e000    0807e000    00000091   00000000    rw- .sharedRAM


SECTION ALLOCATION MAP

 output                                  attributes/
section   page    origin      length       input sections
--------  ----  ----------  ----------   ----------------
.intvecs   0    00000000    00000020     
                  00000000    00000020     libfoxbms-hal.a : HL_sys_intvecs.asm.1.obj (.intvecs)

.kernelTEXT 
*          0    00000020    00004728     
                  00000020    0000246c     libfoxbms-os.a : tasks.c.1.obj (.kernelTEXT)
                  0000248c    00000cfc                    : queue.c.1.obj (.kernelTEXT)
                  00003188    000009ec                    : stream_buffer.c.1.obj (.kernelTEXT)
                  00003b74    000004b0                    : portasm.asm.1.obj (.kernelTEXT)
                  00004024    00000410                    : event_groups.c.1.obj (.kernelTEXT)
                  00004434    00000204                    : port.c.1.obj (.kernelTEXT)
                  00004638    00000110                    : list.c.1.obj (.kernelTEXT)

.cinit     0    00004760    00000730     
                  00004760    000006e8     (.cinit..data.load) [load image, compression = lzss]
                  00004e48    0000000c     (__TI_handler_table)
                  00004e54    0000000b     (.cinit..sharedRAM.load) [load image, compression = lzss]
                  00004e5f    00000009     (.cinit..kernelBSS.load) [load image, compression = lzss]
                  00004e68    00000008     (.cinit..bss.load) [load image, compression = zero_init]
                  00004e70    00000020     (__TI_cinit_table)

.text      0    00008020    0002d584     
                  00008020    000074fc     libfoxbms-afe-driver.a : ltc_6813-1.c.1.obj (.text)
                  0000f51c    00002078     libfoxbms-application.a : bms.c.1.obj (.text)
                  00011594    00001ba0                             : redundancy.c.1.obj (.text)
                  00013134    00001a1c     libfoxbms-hal.a : HL_can.c.1.obj (.text)
                  00014b50    00001540     libfoxbms-driver.a : can_cbs_tx_state.c.1.obj (.text)
                  00016090    0000123c                        : i2c.c.1.obj (.text)
                  000172cc    000011ec                        : nxpfs85xx.c.1.obj (.text)
                  000184b8    00000fbc                        : rtc.c.1.obj (.text)
                  00019474    00000f30     libfoxbms-hal.a : HL_etpwm.c.1.obj (.text)
                  0001a3a4    00000ed4     libfoxbms-driver.a : spi.c.1.obj (.text)
                  0001b278    00000dac                        : can.c.1.obj (.text)
                  0001c024    00000cb4                        : can_cbs_rx_debug.c.1.obj (.text)
                  0001ccd8    00000c24     libfoxbms-hal.a : HL_spi.c.1.obj (.text)
                  0001d8fc    00000a58     libfoxbms-engine.a : sys.c.1.obj (.text)
                  0001e354    00000a14     libfoxbms-algorithms.a : moving_average.c.1.obj (.text)
                  0001ed68    000009d4     libfoxbms-driver.a : sps.c.1.obj (.text)
                  0001f73c    00000928                        : pex.c.1.obj (.text)
                  00020064    0000090c     libfoxbms-algorithms.a : sof_trapezoid.c.1.obj (.text)
                  00020970    000008e8                            : soe_counting.c.1.obj (.text)
                  00021258    00000860     libfoxbms-engine.a : database.c.1.obj (.text)
                  00021ab8    0000084c     libfoxbms-driver.a : can_cbs_tx_debug-response.c.1.obj (.text)
                  00022304    0000081c     libfoxbms-application.a : soa.c.1.obj (.text)
                  00022b20    0000080c     libfoxbms-driver.a : can_cbs_rx_current-sensor.c.1.obj (.text)
                  0002332c    000007e4     libfoxbms-algorithms.a : soc_counting.c.1.obj (.text)
                  00023b10    000007c4     libfoxbms-engine.a : diag.c.1.obj (.text)
                  000242d4    000007b4     libfoxbms-driver.a : can_helper.c.1.obj (.text)
                  00024a88    00000720                        : imd.c.1.obj (.text)
                  000251a8    000006dc                        : dma.c.1.obj (.text)
                  00025884    000006d8                        : can_cbs_tx_system-values.c.1.obj (.text)
                  00025f5c    000006d0     libfoxbms-engine.a : diag_cbs_current.c.1.obj (.text)
                  0002662c    000006cc     libfoxbms-hal.a : HL_adc.c.1.obj (.text)
                  00026cf8    00000670     libfoxbms-driver.a : can_cbs_tx_minimum-maximum-values.c.1.obj (.text)
                  00027368    00000614     libfoxbms-task.a : ftask_freertos.c.1.obj (.text)
                  0002797c    000005ec     libfoxbms-driver.a : fram.c.1.obj (.text)
                  00027f68    000005b4     libfoxbms-engine.a : sys_mon.c.1.obj (.text)
                  0002851c    000005a4     libfoxbms-driver.a : sbc.c.1.obj (.text)
                  00028ac0    0000059c     libfoxbms-hal.a : HL_het.c.1.obj (.text)
                  0002905c    00000584                     : HL_system.c.1.obj (.text)
                  000295e0    0000055c     libfoxbms-driver.a : contactor.c.1.obj (.text)
                  00029b3c    00000528                        : can_cbs_tx_cell-temperatures.c.1.obj (.text)
                  0002a064    00000528     libfoxbms-hal.a : HL_pinmux.c.1.obj (.text)
                  0002a58c    00000510     libfoxbms-engine.a : diag_cbs_temperature.c.1.obj (.text)
                  0002aa9c    000004f8     libfoxbms-hal.a : HL_sys_vim.c.1.obj (.text)
                  0002af94    000004d0                     : HL_sys_dma.c.1.obj (.text)
                  0002b464    00000470                     : HL_ecap.c.1.obj (.text)
                  0002b8d4    00000468     libfoxbms-driver.a : can_cbs_tx_cell-voltages.c.1.obj (.text)
                  0002bd3c    00000450     libfoxbms-hal.a : HL_i2c.c.1.obj (.text)
                  0002c18c    00000444                     : HL_crc.c.1.obj (.text)
                  0002c5d0    0000041c     libfoxbms-driver.a : can_cbs_tx_pack-state-estimation.c.1.obj (.text)
                  0002c9ec    00000400     libfoxbms-engine.a : diag_cbs_voltage.c.1.obj (.text)
                  0002cdec    000003e0     libfoxbms-driver.a : can_cbs_rx_state-request.c.1.obj (.text)
                  0002d1cc    000003d0     rtsv7R4_A_be_v3D16_eabi.lib : mktime.c.obj (.text:__mktime32)
                  0002d59c    000003d0     libfoxbms-task.a : os_freertos.c.1.obj (.text)
                  0002d96c    000003c4     libfoxbms-hal.a : HL_sys_core.asm.1.obj (.text)
                  0002dd30    000003b4     libfoxbms-task.a : ftask.c.1.obj (.text)
                  0002e0e4    000003b0     libfoxbms-application.a : plausibility.c.1.obj (.text)
                  0002e494    000003ac     libfoxbms-engine.a : diag_cbs_afe.c.1.obj (.text)
                  0002e840    00000388     libfoxbms-driver.a : can_cbs_tx_string-state-estimation.c.1.obj (.text)
                  0002ebc8    00000388     libfoxbms-hal.a : HL_esm.c.1.obj (.text)
                  0002ef50    00000384     libfoxbms-driver.a : interlock.c.1.obj (.text)
                  0002f2d4    00000378     libfoxbms-hal.a : HL_sys_mpu.asm.1.obj (.text)
                  0002f64c    00000374                     : HL_errata_SSWF021_45.c.1.obj (.text)
                  0002f9c0    0000031c     libfoxbms-algorithms.a : algorithm.c.1.obj (.text)
                  0002fcdc    0000030c     libfoxbms-driver.a : sbc_fs8x_communication.c.1.obj (.text)
                  0002ffe8    000002e8                        : can_cbs_rx_imd.c.1.obj (.text)
                  000302d0    000002b8                        : pwm.c.1.obj (.text)
                  00030588    000002b8     rtsv7R4_A_be_v3D16_eabi.lib : ull_div32.asm.obj (.text)
                  00030840    000002b4     libfoxbms-driver.a : htsensor.c.1.obj (.text)
                  00030af4    00000290     libfoxbms-afe-driver.a : ltc_afe.c.1.obj (.text)
                  00030d84    00000260     libfoxbms-driver.a : can_cbs_tx_limit-values.c.1.obj (.text)
                  00030fe4    0000024c     libfoxbms-engine.a : diag_cbs_plausibility.c.1.obj (.text)
                  00031230    00000248     libfoxbms-driver.a : foxmath.c.1.obj (.text)
                  00031478    00000238     libfoxbms-hal.a : HL_can.c.1.obj (.text:retain)
                  000316b0    00000234     libfoxbms-engine.a : database_helper.c.1.obj (.text)
                  000318e4    00000230     libfoxbms-driver.a : sbc_fs8x.c.1.obj (.text)
                  00031b14    00000228     libfoxbms-task.a : os.c.1.obj (.text)
                  00031d3c    00000208     libfoxbms-driver.a : crc.c.1.obj (.text)
                  00031f44    00000204                        : epcos_b57861s0103f045.c.1.obj (.text)
                  00032148    00000204     libfoxbms-engine.a : diag_cbs_contactor.c.1.obj (.text)
                  0003234c    00000204     libfoxbms-hal.a : HL_gio.c.1.obj (.text)
                  00032550    000001f8     libfoxbms-task.a : ftask_cfg.c.1.obj (.text)
                  00032748    000001e8     rtsv7R4_A_be_v3D16_eabi.lib : localtim.c.obj (.text:__localtime32)
                  00032930    000001e4     libfoxbms-driver.a : io.c.1.obj (.text)
                  00032b14    000001e0     libfoxbms-hal.a : HL_emif.c.1.obj (.text)
                  00032cf4    000001c4     libfoxbms-engine.a : diag_cbs_bms.c.1.obj (.text)
                  00032eb8    00000180     rtsv7R4_A_be_v3D16_eabi.lib : memcpy32.asm.obj (.text)
                  00033038    00000178     libfoxbms-hal.a : HL_sys_vim.c.1.obj (.text:retain)
                  000331b0    00000174     libfoxbms-engine.a : diag_cbs_sys-mon.c.1.obj (.text)
                  00033324    00000160                        : diag_cbs_insulation.c.1.obj (.text)
                  00033484    00000154     libfoxbms-driver.a : meas.c.1.obj (.text)
                  000335d8    00000144     libfoxbms-engine.a : diag_cbs_current-sensor.c.1.obj (.text)
                  0003371c    00000144     libfoxbms-hal.a : HL_i2c.c.1.obj (.text:retain)
                  00033860    00000140     libfoxbms-engine.a : diag_cbs_can.c.1.obj (.text)
                  000339a0    0000013c     libfoxbms-driver.a : led.c.1.obj (.text)
                  00033adc    00000130                        : adc.c.1.obj (.text)
                  00033c0c    00000128     libfoxbms-engine.a : diag_cbs_power-measurement.c.1.obj (.text)
                  00033d34    0000010c     libfoxbms-algorithms.a : state_estimation.c.1.obj (.text)
                  00033e40    00000100     main.c.1.obj (.text)
                  00033f40    000000f8     libfoxbms-engine.a : sys_cfg.c.1.obj (.text)
                  00034038    000000f0     libfoxbms-application.a : soa_cfg.c.1.obj (.text)
                  00034128    000000e4     libfoxbms-engine.a : diag_cbs_deep-discharge.c.1.obj (.text)
                  0003420c    000000e4     libfoxbms-hal.a : HL_esm.c.1.obj (.text:retain)
                  000342f0    000000dc     libfoxbms-engine.a : diag_cbs_i2c.c.1.obj (.text)
                  000343cc    000000dc                        : diag_cbs_rtc.c.1.obj (.text)
                  000344a8    000000d8                        : diag_cbs_sbc.c.1.obj (.text)
                  00034580    000000cc     libfoxbms-algorithms.a : algorithm_cfg.c.1.obj (.text)
                  0003464c    000000cc     libfoxbms-driver.a : mcu.c.1.obj (.text)
                  00034718    000000c8     fstartup.c.1.obj (.text)
                  000347e0    000000b4     libfoxbms-driver.a : can_cbs_tx_unsupported-message.c.1.obj (.text)
                  00034894    000000b0     libfoxbms-afe-driver.a : afe_plausibility.c.1.obj (.text)
                  00034944    000000b0     rtsv7R4_A_be_v3D16_eabi.lib : memset32.asm.obj (.text)
                  000349f4    000000a8     fstartup.c.1.obj (.text:retain)
                  00034a9c    000000a8     libfoxbms-hal.a : HL_sys_dma.c.1.obj (.text:retain)
                  00034b44    000000a4     libfoxbms-engine.a : diag_cbs_fram.c.1.obj (.text)
                  00034be8    000000a0     libfoxbms-afe-driver.a : ltc_afe_dma.c.1.obj (.text)
                  00034c88    0000009c     libfoxbms-engine.a : diag_cbs_interlock.c.1.obj (.text)
                  00034d24    00000098     libfoxbms-afe-driver.a : ltc_pec.c.1.obj (.text)
                  00034dbc    00000098     rtsv7R4_A_be_v3D16_eabi.lib : ll_div32.asm.obj (.text)
                  00034e54    00000090                                 : copy_decompress_lzss.c.obj (.text:decompress:lzss:__TI_decompress_lzss)
                  00034ee4    00000084                                 : ti_fmax.c.obj (.text:fminf)
                  00034f68    00000084                                 : fs_toll32.asm.obj (.text)
                  00034fec    00000078     libfoxbms-driver.a : no-imd.c.1.obj (.text)
                  00035064    00000070     libfoxbms-algorithms.a : soh_none.c.1.obj (.text)
                  000350d4    00000070     libfoxbms-driver.a : spi_cfg.c.1.obj (.text)
                  00035144    00000070     libfoxbms-engine.a : diag_cbs_dummy.c.1.obj (.text)
                  000351b4    0000006c     libfoxbms-hal.a : HL_notification.c.1.obj (.text)
                  00035220    0000006c     rtsv7R4_A_be_v3D16_eabi.lib : fs_toull32.asm.obj (.text)
                  0003528c    00000068                                 : autoinit.c.obj (.text:__TI_auto_init_nobinit_nopinit:__TI_auto_init_nobinit_nopinit)
                  000352f4    00000058     libfoxbms-hal.a : HL_ecap.c.1.obj (.text:retain)
                  0003534c    00000054     rtsv7R4_A_be_v3D16_eabi.lib : i_div32.asm.obj (.text)
                  000353a0    00000050                                 : u_div32.asm.obj (.text)
                  000353f0    00000044     libfoxbms-application.a : bal_cfg.c.1.obj (.text)
                  00035434    00000038     libfoxbms-engine.a : masterinfo.c.1.obj (.text)
                  0003546c    0000002c     libfoxbms-os.a : port.c.1.obj (.text)
                  00035498    00000024     libfoxbms-engine.a : diag_cfg.c.1.obj (.text)
                  000354bc    00000024     rtsv7R4_A_be_v3D16_eabi.lib : ll_lsl32.asm.obj (.text)
                  000354e0    00000024                                 : ll_lsr32.asm.obj (.text)
                  00035504    00000020                                 : strlen.c.obj (.text:strlen)
                  00035524    00000014                                 : copy_decompress_none.c.obj (.text:decompress:none:__TI_decompress_none)
                  00035538    00000014     fassert.c.1.obj (.text)
                  0003554c    00000014     libfoxbms-application.a : bal_strategy_none.c.1.obj (.text)
                  00035560    00000014     libfoxbms-driver.a : tsi_limits.c.1.obj (.text)
                  00035574    00000010     rtsv7R4_A_be_v3D16_eabi.lib : copy_zero_init.c.obj (.text:decompress:ZI:__TI_zero_init)
                  00035584    00000008                                 : exit.c.obj (.text:abort:abort)
                  0003558c    00000008     libfoxbms-driver.a : checksum.c.1.obj (.text)
                  00035594    00000004     libfoxbms-engine.a : reset.c.1.obj (.text)
                  00035598    00000004                        : sys_mon_cfg.c.1.obj (.text)
                  0003559c    00000004     libfoxbms-hal.a : HL_sys_phantom.c.1.obj (.text:retain)
                  000355a0    00000004     rtsv7R4_A_be_v3D16_eabi.lib : div0.asm.obj (.text)

.const     0    000355c0    000020a5     
                  000355c0    000003a0     libfoxbms-hal.a : HL_het.c.1.obj (.const:het1PROGRAM)
                  00035960    000003a0                     : HL_het.c.1.obj (.const:het2PROGRAM)
                  00035d00    00000320     libfoxbms-application.a : battery_cell_cfg.c.1.obj (.const:bc_stateOfChargeLookupTable)
                  00036020    00000320                             : battery_cell_cfg.c.1.obj (.const:bc_stateOfEnergyLookupTable)
                  00036340    00000200     libfoxbms-afe-driver.a : ltc_pec.c.1.obj (.const:ltc_crc15Table$1)
                  00036540    00000200     libfoxbms-hal.a : HL_sys_vim.c.1.obj (.const:s_vim_init)
                  00036740    0000016c     libfoxbms-driver.a : can_cfg_tx.c.1.obj (.const:can_txMessages)
                  000368ac    00000158                        : epcos_b57861s0103f045.c.1.obj (.const:ts_b57861s0103f045Lut)
                  00036a04    00000100                        : sbc_fs8x_communication.c.1.obj (.const:.string:FS8x_CRC_TABLE)
                  00036b04    000000f0                        : can_cfg_rx.c.1.obj (.const:can_rxMessages)
                  00036bf4    0000008c                        : interlock.c.1.obj (.const:$P$T0$1)
                  00036c80    0000007c     libfoxbms-application.a : redundancy.c.1.obj (.const:$P$T0$5)
                  00036cfc    0000007c     libfoxbms-driver.a : can.c.1.obj (.const:$P$T3$5)
                  00036d78    00000063     libfoxbms-engine.a : sys.c.1.obj (.const:.string:$P$T0$1)
                  00036ddb    00000001     libfoxbms-driver.a : can_cfg_rx.c.1.obj (.const)
                  00036ddc    00000048     libfoxbms-application.a : bms.c.1.obj (.const:$P$T1$3)
                  00036e24    00000048     libfoxbms-driver.a : can.c.1.obj (.const:$P$T1$3)
                  00036e6c    00000040                        : dma.c.1.obj (.const:$P$T0$1)
                  00036eac    00000040                        : dma.c.1.obj (.const:$P$T1$2)
                  00036eec    00000040                        : dma.c.1.obj (.const:$P$T2$3)
                  00036f2c    00000040                        : dma.c.1.obj (.const:$P$T3$4)
                  00036f6c    00000040                        : can_helper.c.1.obj (.const:.string:can_bigEndianTable)
                  00036fac    0000003c                        : can_cfg.c.1.obj (.const:can_kShim)
                  00036fe8    00000034     libfoxbms-algorithms.a : soc_counting.c.1.obj (.const:$P$T0$1)
                  0003701c    00000034                            : soe_counting.c.1.obj (.const:$P$T0$1)
                  00037050    00000034     libfoxbms-driver.a : spi.c.1.obj (.const:$P$T0$1)
                  00037084    00000032                        : pwm.c.1.obj (.const:$P$T0$1)
                  000370b6    00000002     libfoxbms-algorithms.a : algorithm_cfg.c.1.obj (.const)
                  000370b8    00000030     rtsv7R4_A_be_v3D16_eabi.lib : mktime.c.obj (.const:mon_day)
                  000370e8    00000030                                 : mktime.c.obj (.const:mon_len)
                  00037118    0000002c     libfoxbms-engine.a : sys_mon.c.1.obj (.const:$P$T0$2)
                  00037144    00000024     libfoxbms-driver.a : rtc.c.1.obj (.const:$P$T10$15)
                  00037168    00000024                        : rtc.c.1.obj (.const:$P$T12$17)
                  0003718c    00000024                        : rtc.c.1.obj (.const:$P$T3$4)
                  000371b0    00000024                        : rtc.c.1.obj (.const:$P$T4$5)
                  000371d4    00000024                        : rtc.c.1.obj (.const:$P$T6$7)
                  000371f8    00000024     libfoxbms-algorithms.a : sof_trapezoid_cfg.c.1.obj (.const:sof_recommendedCurrent)
                  0003721c    00000020     libfoxbms-hal.a : HL_can.c.1.obj (.const:s_canByteOrder)
                  0003723c    00000020                     : HL_het.c.1.obj (.const:s_het1pwmPolarity)
                  0003725c    00000020                     : HL_het.c.1.obj (.const:s_het2pwmPolarity)
                  0003727c    00000018                     : HL_adc.c.1.obj (.const:s_adcFiFoSize)
                  00037294    00000018                     : HL_adc.c.1.obj (.const:s_adcSelect)
                  000372ac    00000014     libfoxbms-driver.a : can.c.1.obj (.const:$P$T0$1)
                  000372c0    00000014                        : can_cbs_rx_current-sensor.c.1.obj (.const:$P$T0$1)
                  000372d4    00000014                        : can_cbs_rx_imd.c.1.obj (.const:$P$T0$1)
                  000372e8    00000014     libfoxbms-engine.a : database.c.1.obj (.const:$P$T0$1)
                  000372fc    00000014     libfoxbms-driver.a : can_cbs_rx_current-sensor.c.1.obj (.const:$P$T1$2)
                  00037310    00000014                        : can_cbs_rx_imd.c.1.obj (.const:$P$T1$2)
                  00037324    00000014                        : can.c.1.obj (.const:$P$T4$6)
                  00037338    00000014                        : can_cbs_tx_cell-temperatures.c.1.obj (.const:cantx_cell0TemperatureInvalidFlag)
                  0003734c    00000014                        : can_cbs_tx_cell-temperatures.c.1.obj (.const:cantx_cell0Temperature_degC)
                  00037360    00000014                        : can_cbs_tx_cell-temperatures.c.1.obj (.const:cantx_cell1TemperatureInvalidFlag)
                  00037374    00000014                        : can_cbs_tx_cell-temperatures.c.1.obj (.const:cantx_cell1Temperature_degC)
                  00037388    00000014                        : can_cbs_tx_cell-temperatures.c.1.obj (.const:cantx_cell2TemperatureInvalidFlag)
                  0003739c    00000014                        : can_cbs_tx_cell-temperatures.c.1.obj (.const:cantx_cell2Temperature_degC)
                  000373b0    00000014                        : can_cbs_tx_cell-temperatures.c.1.obj (.const:cantx_cell3TemperatureInvalidFlag)
                  000373c4    00000014                        : can_cbs_tx_cell-temperatures.c.1.obj (.const:cantx_cell3Temperature_degC)
                  000373d8    00000014                        : can_cbs_tx_cell-temperatures.c.1.obj (.const:cantx_cell4TemperatureInvalidFlag)
                  000373ec    00000014                        : can_cbs_tx_cell-temperatures.c.1.obj (.const:cantx_cell4Temperature_degC)
                  00037400    00000014                        : can_cbs_tx_cell-temperatures.c.1.obj (.const:cantx_cell5TemperatureInvalidFlag)
                  00037414    00000014                        : can_cbs_tx_cell-temperatures.c.1.obj (.const:cantx_cell5Temperature_degC)
                  00037428    00000014                        : can_cbs_tx_cell-temperatures.c.1.obj (.const:cantx_cellTemperatureMultiplexer)
                  0003743c    00000014                        : can_cbs_tx_cell-voltages.c.1.obj (.const:cantx_cellVoltage0InvalidFlag)
                  00037450    00000014                        : can_cbs_tx_cell-voltages.c.1.obj (.const:cantx_cellVoltage0_mV)
                  00037464    00000014                        : can_cbs_tx_cell-voltages.c.1.obj (.const:cantx_cellVoltage1InvalidFlag)
                  00037478    00000014                        : can_cbs_tx_cell-voltages.c.1.obj (.const:cantx_cellVoltage1_mV)
                  0003748c    00000014                        : can_cbs_tx_cell-voltages.c.1.obj (.const:cantx_cellVoltage2InvalidFlag)
                  000374a0    00000014                        : can_cbs_tx_cell-voltages.c.1.obj (.const:cantx_cellVoltage2_mV)
                  000374b4    00000014                        : can_cbs_tx_cell-voltages.c.1.obj (.const:cantx_cellVoltage3InvalidFlag)
                  000374c8    00000014                        : can_cbs_tx_cell-voltages.c.1.obj (.const:cantx_cellVoltage3_mV)
                  000374dc    00000014                        : can_cbs_tx_cell-voltages.c.1.obj (.const:cantx_cellVoltageMultiplexer)
                  000374f0    00000012     libfoxbms-afe-driver.a : ltc_6813-1_cfg.c.1.obj (.const:.string:ltc_voltage_input_used)
                  00037502    00000002     libfoxbms-driver.a : epcos_b57861s0103f045.c.1.obj (.const)
                  00037504    00000010     libfoxbms-algorithms.a : sof_trapezoid.c.1.obj (.const:$P$T0$1)
                  00037514    00000010     libfoxbms-application.a : bms.c.1.obj (.const:$P$T0$1)
                  00037524    00000010     libfoxbms-algorithms.a : sof_trapezoid.c.1.obj (.const:$P$T1$2)
                  00037534    00000010     libfoxbms-engine.a : database.c.1.obj (.const:$P$T1$2)
                  00037544    00000010     libfoxbms-algorithms.a : sof_trapezoid.c.1.obj (.const:$P$T2$3)
                  00037554    00000010     libfoxbms-engine.a : database.c.1.obj (.const:$P$T2$3)
                  00037564    00000010     libfoxbms-driver.a : can.c.1.obj (.const:$P$T2$4)
                  00037574    00000010     libfoxbms-application.a : bms.c.1.obj (.const:$P$T2$7)
                  00037584    00000010     libfoxbms-algorithms.a : sof_trapezoid.c.1.obj (.const:$P$T3$4)
                  00037594    00000010                            : sof_trapezoid.c.1.obj (.const:$P$T4$5)
                  000375a4    00000010     libfoxbms-engine.a : diag_cfg.c.1.obj (.const:diag_kDatabaseShim)
                  000375b4    00000010     libfoxbms-driver.a : sps_cfg.c.1.obj (.const:sps_kChannelFeedbackMapping)
                  000375c4    00000008                        : can_cbs_rx_debug.c.1.obj (.const:$P$T0$1)
                  000375cc    00000008                        : rtc.c.1.obj (.const:$P$T0$1)
                  000375d4    00000008                        : rtc.c.1.obj (.const:$P$T1$2)
                  000375dc    00000008                        : rtc.c.1.obj (.const:$P$T11$16)
                  000375e4    00000008                        : rtc.c.1.obj (.const:$P$T13$18)
                  000375ec    00000008                        : rtc.c.1.obj (.const:$P$T2$3)
                  000375f4    00000008                        : rtc.c.1.obj (.const:$P$T5$6)
                  000375fc    00000008                        : rtc.c.1.obj (.const:$P$T7$8)
                  00037604    00000008                        : rtc.c.1.obj (.const:$P$T8$9)
                  0003760c    00000008                        : rtc.c.1.obj (.const:$P$T9$14)
                  00037614    00000008     libfoxbms-afe-driver.a : ltc_6813-1_cfg.c.1.obj (.const:.string:ltc_muxsensortemperatur_cfg)
                  0003761c    00000008     libfoxbms-engine.a : database.c.1.obj (.const:data_baseHeader)
                  00037624    00000008     libfoxbms-algorithms.a : moving_average.c.1.obj (.const)
                  0003762c    00000006     libfoxbms-driver.a : can_cbs_tx_state.c.1.obj (.const:$P$T0$1)
                  00037632    00000006                        : sbc_fs8x_communication.c.1.obj (.const:$P$T0$1)
                  00037638    00000006                        : can_cbs_tx_state.c.1.obj (.const:$P$T1$2)
                  0003763e    00000004                        : nxpfs85xx.c.1.obj (.const:$P$T0$1)
                  00037642    00000004                        : nxpfs85xx.c.1.obj (.const:$P$T1$2)
                  00037646    00000004                        : nxpfs85xx.c.1.obj (.const:$P$T2$3)
                  0003764a    00000002                        : pwm.c.1.obj (.const)
                  0003764c    00000004                        : can_cfg.c.1.obj (.const:can_node1)
                  00037650    00000004                        : can_cfg.c.1.obj (.const:can_node2Isolated)
                  00037654    00000004                        : mcu.c.1.obj (.const)
                  00037658    00000004     libfoxbms-os.a : tasks.c.1.obj (.const)
                  0003765c    00000004     libfoxbms-afe-driver.a : ltc_6813-1.c.1.obj (.const:ltc_plausibleCellVoltages681x)
                  00037660    00000003     libfoxbms-driver.a : pex_cfg.c.1.obj (.const:.string:pex_addressList)
                  00037663    00000001                        : can_cfg_tx.c.1.obj (.const)
                  00037664    00000001                        : spi_cfg.c.1.obj (.const)

.syscallTEXT 
*          0    00037680    00000a94     
                  00037680    00000a94     libfoxbms-os.a : mpu_wrappers.c.1.obj (.syscallTEXT)

.versionInformation 
*          0    003fff40    00000092     
                  003fff40    00000092     version_cfg.c.1.obj (.versionInformation)

.kernelBSS 
*          0    08000800    000001cc     UNINITIALIZED
                  08000800    000001c4     libfoxbms-os.a : tasks.c.1.obj (.kernelBSS:init)
                  080009c4    00000008                    : tasks.c.1.obj (.kernelBSS:uninit)

.data      0    08001000    00006b19     UNINITIALIZED
                  08001000    00001400     libfoxbms-task.a : ftask_freertos.c.1.obj (.data:ftsk_stackCyclic10ms$20)
                  08002400    0000067c     libfoxbms-engine.a : diag_cfg.c.1.obj (.data:diag_diagnosisIdConfiguration)
                  08002a7c    000004b4     libfoxbms-algorithms.a : moving_average.c.1.obj (.data:curValues)
                  08002f30    000004b4                            : moving_average.c.1.obj (.data:powValues)
                  080033e4    00000400     libfoxbms-task.a : ftask_freertos.c.1.obj (.data:ftsk_stackCyclic100ms$22)
                  080037e4    00000400                      : ftask_freertos.c.1.obj (.data:ftsk_stackCyclic1ms$18)
                  08003be4    00000400                      : ftask_freertos.c.1.obj (.data:ftsk_stackCyclicAlgorithm100ms$24)
                  08003fe4    00000400                      : ftask_freertos.c.1.obj (.data:ftsk_stackEngine$16)
                  080043e4    000003e8                      : ftask_freertos.c.1.obj (.data:ftsk_canRxQueueStorageArea$5)
                  080047cc    00000200                      : ftask_freertos.c.1.obj (.data:ftsk_stackSizeAfe$28)
                  080049cc    00000200                      : ftask_freertos.c.1.obj (.data:ftsk_stackSizeI2c$26)
                  08004bcc    00000200                      : os_freertos.c.1.obj (.data:os_stackSizeIdle$2)
                  08004dcc    00000180     libfoxbms-afe-driver.a : ltc_6813-1.c.1.obj (.data:ltc_openWireDetection)
                  08004f4c    00000158     libfoxbms-engine.a : diag_cfg.c.1.obj (.data:diag_device)
                  080050a4    00000108                        : database_cfg.c.1.obj (.data:data_database)
                  080051ac    00000104                        : database_cfg.c.1.obj (.data:data_blockControlBalancing)
                  080052b0    00000104     libfoxbms-afe-driver.a : ltc_6813-1.c.1.obj (.data:ltc_balancing_control)
                  080053b4    00000100     libfoxbms-driver.a : adc.c.1.obj (.data:adc_adc1RawVoltages)
                  080054b4    000000e4     libfoxbms-afe-driver.a : ltc_6813-1.c.1.obj (.data:ltc_stateBase)
                  08005598    000000b0     libfoxbms-driver.a : can_helper.c.1.obj (.data:persistant_error_flags)
                  08005648    000000a8                        : can_cfg.c.1.obj (.data:can_tableCellVoltages)
                  080056f0    000000a8     libfoxbms-engine.a : database_cfg.c.1.obj (.data:data_blockCellVoltage)
                  08005798    000000a8                        : database_cfg.c.1.obj (.data:data_blockCellVoltageBase)
                  08005840    000000a8                        : database_cfg.c.1.obj (.data:data_blockCellVoltageRedundancy0)
                  080058e8    000000a8     libfoxbms-afe-driver.a : ltc_6813-1.c.1.obj (.data:ltc_cellVoltage)
                  08005990    000000a8     libfoxbms-application.a : redundancy.c.1.obj (.data:mrc_tableCellVoltageBase$1)
                  08005a38    000000a8     libfoxbms-driver.a : can_cbs_rx_current-sensor.c.1.obj (.data:mrc_tableCellVoltageBase$3)
                  08005ae0    000000a8     libfoxbms-application.a : redundancy.c.1.obj (.data:mrc_tableCellVoltageRedundancy0$2)
                  08005b88    000000a8                             : redundancy.c.1.obj (.data:mrc_tableCellVoltages)
                  08005c30    000000a4     libfoxbms-task.a : ftask_freertos.c.1.obj (.data:ftsk_taskAfe$27)
                  08005cd4    000000a4                      : ftask_freertos.c.1.obj (.data:ftsk_taskCyclic100ms$21)
                  08005d78    000000a4                      : ftask_freertos.c.1.obj (.data:ftsk_taskCyclic10ms$19)
                  08005e1c    000000a4                      : ftask_freertos.c.1.obj (.data:ftsk_taskCyclic1ms$17)
                  08005ec0    000000a4                      : ftask_freertos.c.1.obj (.data:ftsk_taskCyclicAlgorithm100ms$23)
                  08005f64    000000a4                      : ftask_freertos.c.1.obj (.data:ftsk_taskEngine$15)
                  08006008    000000a4                      : ftask_freertos.c.1.obj (.data:ftsk_taskI2c$25)
                  080060ac    000000a4                      : os_freertos.c.1.obj (.data:os_idleTask$1)
                  08006150    0000008c     libfoxbms-driver.a : adc.c.1.obj (.data:adc_adc1Voltages)
                  080061dc    0000008c     libfoxbms-engine.a : database_cfg.c.1.obj (.data:data_blockAdcVoltage)
                  08006268    00000080     libfoxbms-driver.a : sps_cfg.c.1.obj (.data:sps_channelStatus)
                  080062e8    0000007c                        : can_cfg.c.1.obj (.data:can_tableCurrentSensor)
                  08006364    0000007c     libfoxbms-algorithms.a : moving_average.c.1.obj (.data:curPow_tab$3)
                  080063e0    0000007c     libfoxbms-engine.a : database_cfg.c.1.obj (.data:data_blockCurrentSensor)
                  0800645c    0000007c     libfoxbms-algorithms.a : soc_counting.c.1.obj (.data:soc_tableCurrentSensor)
                  080064d8    0000007c                            : soe_counting.c.1.obj (.data:soe_tableCurrentSensor)
                  08006554    00000070     libfoxbms-engine.a : database_cfg.c.1.obj (.data:data_blockUserMux)
                  080065c4    00000064     libfoxbms-task.a : ftask_freertos.c.1.obj (.data:ftsk_imdQueueStorageArea$3)
                  08006628    00000060     libfoxbms-driver.a : nxpfs85xx.c.1.obj (.data:fs85xx_mcuSupervisor)
                  08006688    0000005c     libfoxbms-engine.a : database_cfg.c.1.obj (.data:data_blockLtcAllGpioVoltagesBase)
                  080066e4    0000005c                        : database_cfg.c.1.obj (.data:data_blockLtcAllGpioVoltagesRedundancy0)
                  08006740    0000005c     libfoxbms-afe-driver.a : ltc_6813-1.c.1.obj (.data:ltc_allgpiovoltage)
                  0800679c    00000054     libfoxbms-driver.a : fram_cfg.c.1.obj (.data:fram_base_header)
                  080067f0    00000048                        : can_cfg.c.1.obj (.data:can_tableErrorState)
                  08006838    00000048                        : can_cfg.c.1.obj (.data:can_tableTemperatures)
                  08006880    00000048     libfoxbms-engine.a : database_cfg.c.1.obj (.data:data_blockCellTemperature)
                  080068c8    00000048                        : database_cfg.c.1.obj (.data:data_blockCellTemperatureBase)
                  08006910    00000048                        : database_cfg.c.1.obj (.data:data_blockCellTemperatureRedundancy0)
                  08006958    00000048                        : database_cfg.c.1.obj (.data:data_blockErrors)
                  080069a0    00000048                        : diag_cfg.c.1.obj (.data:diag_tableErrorFlags)
                  080069e8    00000048     libfoxbms-task.a : ftask_freertos.c.1.obj (.data:ftsk_afeFromI2cQueueStructure$14)
                  08006a30    00000048                      : ftask_freertos.c.1.obj (.data:ftsk_afeRequestQueueStructure$8)
                  08006a78    00000048                      : ftask_freertos.c.1.obj (.data:ftsk_afeToI2cQueueStructure$12)
                  08006ac0    00000048                      : ftask_freertos.c.1.obj (.data:ftsk_canRxQueueStructure$6)
                  08006b08    00000048                      : ftask_freertos.c.1.obj (.data:ftsk_databaseQueueStructure$2)
                  08006b50    00000048                      : ftask_freertos.c.1.obj (.data:ftsk_imdQueueStructure$4)
                  08006b98    00000048                      : ftask_freertos.c.1.obj (.data:ftsk_rtcQueueStructure$10)
                  08006be0    00000048     libfoxbms-afe-driver.a : ltc_6813-1.c.1.obj (.data:ltc_celltemperature)
                  08006c28    00000048     libfoxbms-application.a : redundancy.c.1.obj (.data:mrc_tableCellTemperatures)
                  08006c70    00000048                             : redundancy.c.1.obj (.data:mrc_tableCelltemperatureBase$3)
                  08006cb8    00000048                             : redundancy.c.1.obj (.data:mrc_tableCelltemperatureRedundancy0$4)
                  08006d00    00000044                             : bms.c.1.obj (.data:bms_tableOpenWire)
                  08006d44    00000044                             : bms.c.1.obj (.data:bms_tablePackValues)
                  08006d88    00000044     libfoxbms-driver.a : can_cfg.c.1.obj (.data:can_tableOpenWire)
                  08006dcc    00000044                        : can_cfg.c.1.obj (.data:can_tablePackValues)
                  08006e10    00000044     libfoxbms-engine.a : database_cfg.c.1.obj (.data:data_blockOpenWireBase)
                  08006e54    00000044                        : database_cfg.c.1.obj (.data:data_blockOpenWireRedundancy0)
                  08006e98    00000044                        : database_cfg.c.1.obj (.data:data_blockPackValues)
                  08006edc    00000044     libfoxbms-afe-driver.a : ltc_6813-1.c.1.obj (.data:ltc_openWire)
                  08006f20    00000044     libfoxbms-application.a : redundancy.c.1.obj (.data:mrc_tablePackValues)
                  08006f64    0000003d     libfoxbms-algorithms.a : moving_average.c.1.obj (.data)
                  08006fa1    00000003     libfoxbms-task.a : ftask_cfg.c.1.obj (.data)
                  08006fa4    0000003c     libfoxbms-application.a : bms.c.1.obj (.data:bms_state)
                  08006fe0    0000003c     libfoxbms-driver.a : can_cfg.c.1.obj (.data:can_tableSox)
                  0800701c    0000003c     libfoxbms-engine.a : database_cfg.c.1.obj (.data:data_blockMovingAverage)
                  08007058    0000003c                        : database_cfg.c.1.obj (.data:data_blockSox)
                  08007094    0000003c     libfoxbms-algorithms.a : moving_average.c.1.obj (.data:movingAverage_tab$4)
                  080070d0    0000003c                            : state_estimation.c.1.obj (.data:se_tableSocAndSoeEstimation)
                  0800710c    0000003c     libfoxbms-engine.a : sys_mon_cfg.c.1.obj (.data:sysm_ch_cfg)
                  08007148    00000034     libfoxbms-application.a : bms.c.1.obj (.data:bms_tableMinMax)
                  0800717c    00000034     libfoxbms-driver.a : can_cfg.c.1.obj (.data:can_tableMinimumMaximumValues)
                  080071b0    00000034     libfoxbms-engine.a : database_cfg.c.1.obj (.data:data_blockMinMax)
                  080071e4    00000034     libfoxbms-application.a : redundancy.c.1.obj (.data:mrc_tableMinimumMaximumValues)
                  08007218    00000034     libfoxbms-algorithms.a : sof_trapezoid.c.1.obj (.data:sof_tableMinimumMaximumValues)
                  0800724c    00000030     libfoxbms-engine.a : database_cfg.c.1.obj (.data:data_blockSlaveControl)
                  0800727c    00000030     libfoxbms-afe-driver.a : ltc_6813-1.c.1.obj (.data:ltc_slave_control)
                  080072ac    0000002c     libfoxbms-driver.a : can_cfg.c.1.obj (.data:can_tableSof)
                  080072d8    0000002c     libfoxbms-engine.a : database_cfg.c.1.obj (.data:data_blockSof)
                  08007304    0000002c     libfoxbms-driver.a : fram_cfg.c.1.obj (.data:fram_sys_mon_record)
                  08007330    0000002c     libfoxbms-algorithms.a : sof_trapezoid.c.1.obj (.data:sof_tableSofValues)
                  0800735c    0000002c     libfoxbms-engine.a : sys_mon.c.1.obj (.data:sysm_localFramCopy)
                  08007388    00000024     rtsv7R4_A_be_v3D16_eabi.lib : localtim.c.obj (.data:local_tm)
                  080073ac    00000021     libfoxbms-engine.a : database.c.1.obj (.data:data_uniqueIdToDatabaseEntry)
                  080073cd    00000003     libfoxbms-driver.a : pex.c.1.obj (.data:pex_configDirectionPort0)
                  080073d0    00000020     libfoxbms-engine.a : database_cfg.c.1.obj (.data:data_blockInterlockFeedback)
                  080073f0    00000020     libfoxbms-task.a : ftask_freertos.c.1.obj (.data:ftsk_afeFromI2cQueueStorageArea$13)
                  08007410    00000020                      : ftask_freertos.c.1.obj (.data:ftsk_afeToI2cQueueStorageArea$11)
                  08007430    00000020     libfoxbms-driver.a : interlock.c.1.obj (.data:ilck_tableFeedback)
                  08007450    0000001c                        : can_cfg.c.1.obj (.data:can_tableInsulation)
                  0800746c    0000001c                        : can_cfg.c.1.obj (.data:can_tableMslFlags)
                  08007488    0000001c     libfoxbms-engine.a : database_cfg.c.1.obj (.data:data_blockInsulationMonitoring)
                  080074a4    0000001c                        : database_cfg.c.1.obj (.data:data_blockMsl)
                  080074c0    0000001c                        : diag_cfg.c.1.obj (.data:diag_tableMslFlags)
                  080074dc    0000001c     libfoxbms-driver.a : imd.c.1.obj (.data:imd_tableInsulationMonitoring)
                  080074f8    0000001c     libfoxbms-task.a : ftask_freertos.c.1.obj (.data)
                  08007514    0000001c     libfoxbms-driver.a : sbc.c.1.obj (.data:sbc_stateMcuSupervisor)
                  08007530    00000018     libfoxbms-algorithms.a : algorithm_cfg.c.1.obj (.data:algo_algorithms)
                  08007548    00000018     libfoxbms-driver.a : can_cfg.c.1.obj (.data:can_tableMolFlags)
                  08007560    00000018                        : can_cfg.c.1.obj (.data:can_tableRslFlags)
                  08007578    00000018     libfoxbms-engine.a : database_cfg.c.1.obj (.data:data_blockMol)
                  08007590    00000018                        : database_cfg.c.1.obj (.data:data_blockRsl)
                  080075a8    00000018                        : diag_cfg.c.1.obj (.data:diag_tableMolFlags)
                  080075c0    00000018                        : diag_cfg.c.1.obj (.data:diag_tableRslFlags)
                  080075d8    00000018     libfoxbms-application.a : redundancy.c.1.obj (.data:mrc_state)
                  080075f0    00000015     libfoxbms-driver.a : contactor_cfg.c.1.obj (.data:cont_contactorStates)
                  08007605    00000003                        : pex.c.1.obj (.data:pex_configDirectionPort0Local)
                  08007608    00000014     libfoxbms-engine.a : database_cfg.c.1.obj (.data:data_blockFeedbackBalancingBase)
                  0800761c    00000014                        : database_cfg.c.1.obj (.data:data_blockFeedbackBalancingRedundancy0)
                  08007630    00000014     libfoxbms-driver.a : dma_cfg.c.1.obj (.data:dma_spiInterfaces)
                  08007644    00000014     libfoxbms-task.a : ftask_freertos.c.1.obj (.data:ftsk_databaseQueueStorageArea$1)
                  08007658    00000014                      : ftask_cfg.c.1.obj (.data:ftsk_taskDefinitionAfe)
                  0800766c    00000014                      : ftask_cfg.c.1.obj (.data:ftsk_taskDefinitionCyclic100ms)
                  08007680    00000014                      : ftask_cfg.c.1.obj (.data:ftsk_taskDefinitionCyclic10ms)
                  08007694    00000014                      : ftask_cfg.c.1.obj (.data:ftsk_taskDefinitionCyclic1ms)
                  080076a8    00000014                      : ftask_cfg.c.1.obj (.data:ftsk_taskDefinitionCyclicAlgorithm100ms)
                  080076bc    00000014                      : ftask_cfg.c.1.obj (.data:ftsk_taskDefinitionEngine)
                  080076d0    00000014                      : ftask_cfg.c.1.obj (.data:ftsk_taskDefinitionI2c)
                  080076e4    00000014     libfoxbms-driver.a : imd.c.1.obj (.data:imd_state)
                  080076f8    00000014     libfoxbms-afe-driver.a : ltc_6813-1.c.1.obj (.data:ltc_balancing_feedback)
                  0800770c    00000014     libfoxbms-algorithms.a : soc_counting.c.1.obj (.data:soc_state)
                  08007720    00000014                            : soe_counting.c.1.obj (.data:soe_state)
                  08007734    00000014     libfoxbms-driver.a : spi_cfg.c.1.obj (.data:spi_framInterface)
                  08007748    00000014                        : spi_cfg.c.1.obj (.data:spi_ltcInterface)
                  0800775c    00000014                        : spi_cfg.c.1.obj (.data:spi_mxmInterface)
                  08007770    00000014                        : spi_cfg.c.1.obj (.data:spi_nxp775InterfaceRx)
                  08007784    00000014                        : spi_cfg.c.1.obj (.data:spi_nxp775InterfaceTx)
                  08007798    00000014                        : spi_cfg.c.1.obj (.data:spi_sbcMcuInterface)
                  080077ac    00000014                        : spi_cfg.c.1.obj (.data:spi_spsInterface)
                  080077c0    00000014                        : spi.c.1.obj (.data:spi_txLastWord)
                  080077d4    00000010     rtsv7R4_A_be_v3D16_eabi.lib : tmzone.c.obj (.data:_tz)
                  080077e4    00000010     libfoxbms-driver.a : can_cfg.c.1.obj (.data:can_tableStateRequest)
                  080077f4    00000010     libfoxbms-engine.a : database_cfg.c.1.obj (.data:data_blockContactorFeedback)
                  08007804    00000010                        : database_cfg.c.1.obj (.data:data_blockDummyForSelfTest)
                  08007814    00000010                        : database_cfg.c.1.obj (.data:data_blockHumidityTemperatureSensor)
                  08007824    00000010                        : database_cfg.c.1.obj (.data:data_blockStaterequest)
                  08007834    00000010                        : database_cfg.c.1.obj (.data:data_blockSystemstate)
                  08007844    00000010     libfoxbms-driver.a : htsensor.c.1.obj (.data:htsen_data)
                  08007854    00000010                        : interlock.c.1.obj (.data:ilck_state)
                  08007864    00000010                        : rtc.c.1.obj (.data)
                  08007874    00000010     libfoxbms-afe-driver.a : ltc_6813-1_cfg.c.1.obj (.data:ltc_mux_seq_main_ch1)
                  08007884    00000010     libfoxbms-engine.a : sys.c.1.obj (.data:sys_state)
                  08007894    0000000f     libfoxbms-afe-driver.a : ltc_6813-1.c.1.obj (.data:ltc_errorTable)
                  080078a3    00000001     libfoxbms-application.a : battery_system_cfg.c.1.obj (.data:bs_stringsWithPrecharge)
                  080078a4    0000000c     libfoxbms-driver.a : fram_cfg.c.1.obj (.data:fram_soc)
                  080078b0    0000000c                        : fram_cfg.c.1.obj (.data:fram_soe)
                  080078bc    0000000c     libfoxbms-afe-driver.a : ltc_6813-1.c.1.obj (.data:ltc_I2CcmdPortExpander1)
                  080078c8    0000000c                            : ltc_6813-1.c.1.obj (.data:ltc_I2CcmdTempSens0)
                  080078d4    0000000c                            : ltc_6813-1.c.1.obj (.data:ltc_I2CcmdTempSens1)
                  080078e0    0000000a     libfoxbms-driver.a : dma_cfg.c.1.obj (.data:dma_spiDmaChannels)
                  080078ea    0000000a                        : dma_cfg.c.1.obj (.data:dma_spiDmaRequests)
                  080078f4    0000000a     libfoxbms-application.a : bms.c.1.obj (.data)
                  080078fe    00000002     libfoxbms-driver.a : fram_cfg.c.1.obj (.data:fram_sbcInit)
                  08007900    00000008                        : pwm.c.1.obj (.data:ecap_inputPwmSignal)
                  08007908    00000008     libfoxbms-task.a : ftask_freertos.c.1.obj (.data:ftsk_rtcQueueStorageArea$9)
                  08007910    00000008     libfoxbms-algorithms.a : algorithm.c.1.obj (.data)
                  08007918    00000008     libfoxbms-driver.a : led.c.1.obj (.data)
                  08007920    00000008     libfoxbms-engine.a : sys_mon.c.1.obj (.data)
                  08007928    00000008     libfoxbms-os.a : port.c.1.obj (.data)
                  08007930    00000008     libfoxbms-task.a : os.c.1.obj (.data)
                  08007938    00000008     libfoxbms-afe-driver.a : ltc_6813-1.c.1.obj (.data:ltc_BC_cmdADOW_PDOWN_filtered_DCP0)
                  08007940    00000008                            : ltc_6813-1.c.1.obj (.data:ltc_BC_cmdADOW_PDOWN_normal_DCP0)
                  08007948    00000008                            : ltc_6813-1.c.1.obj (.data:ltc_BC_cmdADOW_PUP_filtered_DCP0)
                  08007950    00000008                            : ltc_6813-1.c.1.obj (.data:ltc_BC_cmdADOW_PUP_normal_DCP0)
                  08007958    00000008                            : ltc_6813-1.c.1.obj (.data:ltc_cmdADAX_fast_ALLGPIOS)
                  08007960    00000008                            : ltc_6813-1.c.1.obj (.data:ltc_cmdADAX_fast_GPIO1)
                  08007968    00000008                            : ltc_6813-1.c.1.obj (.data:ltc_cmdADAX_fast_GPIO2)
                  08007970    00000008                            : ltc_6813-1.c.1.obj (.data:ltc_cmdADAX_fast_GPIO3)
                  08007978    00000008                            : ltc_6813-1.c.1.obj (.data:ltc_cmdADAX_filtered_ALLGPIOS)
                  08007980    00000008                            : ltc_6813-1.c.1.obj (.data:ltc_cmdADAX_filtered_GPIO1)
                  08007988    00000008                            : ltc_6813-1.c.1.obj (.data:ltc_cmdADAX_filtered_GPIO2)
                  08007990    00000008                            : ltc_6813-1.c.1.obj (.data:ltc_cmdADAX_filtered_GPIO3)
                  08007998    00000008                            : ltc_6813-1.c.1.obj (.data:ltc_cmdADAX_normal_ALLGPIOS)
                  080079a0    00000008                            : ltc_6813-1.c.1.obj (.data:ltc_cmdADAX_normal_GPIO1)
                  080079a8    00000008                            : ltc_6813-1.c.1.obj (.data:ltc_cmdADAX_normal_GPIO2)
                  080079b0    00000008                            : ltc_6813-1.c.1.obj (.data:ltc_cmdADAX_normal_GPIO3)
                  080079b8    00000008                            : ltc_6813-1.c.1.obj (.data:ltc_cmdADCV_fast_DCP0)
                  080079c0    00000008                            : ltc_6813-1.c.1.obj (.data:ltc_cmdADCV_fast_DCP0_twocells)
                  080079c8    00000008                            : ltc_6813-1.c.1.obj (.data:ltc_cmdADCV_fast_DCP1)
                  080079d0    00000008                            : ltc_6813-1.c.1.obj (.data:ltc_cmdADCV_filtered_DCP0)
                  080079d8    00000008                            : ltc_6813-1.c.1.obj (.data:ltc_cmdADCV_filtered_DCP1)
                  080079e0    00000008                            : ltc_6813-1.c.1.obj (.data:ltc_cmdADCV_normal_DCP0)
                  080079e8    00000008                            : ltc_6813-1.c.1.obj (.data:ltc_cmdADCV_normal_DCP1)
                  080079f0    00000008                            : ltc_6813-1.c.1.obj (.data:ltc_cmdRDAUXA)
                  080079f8    00000008                            : ltc_6813-1.c.1.obj (.data:ltc_cmdRDAUXB)
                  08007a00    00000008                            : ltc_6813-1.c.1.obj (.data:ltc_cmdRDAUXC)
                  08007a08    00000008                            : ltc_6813-1.c.1.obj (.data:ltc_cmdRDAUXD)
                  08007a10    00000008                            : ltc_6813-1.c.1.obj (.data:ltc_cmdRDCFG)
                  08007a18    00000008                            : ltc_6813-1.c.1.obj (.data:ltc_cmdRDCOMM)
                  08007a20    00000008                            : ltc_6813-1.c.1.obj (.data:ltc_cmdRDCVA)
                  08007a28    00000008                            : ltc_6813-1.c.1.obj (.data:ltc_cmdRDCVB)
                  08007a30    00000008                            : ltc_6813-1.c.1.obj (.data:ltc_cmdRDCVC)
                  08007a38    00000008                            : ltc_6813-1.c.1.obj (.data:ltc_cmdRDCVD)
                  08007a40    00000008                            : ltc_6813-1.c.1.obj (.data:ltc_cmdRDCVE)
                  08007a48    00000008                            : ltc_6813-1.c.1.obj (.data:ltc_cmdRDCVF)
                  08007a50    00000008                            : ltc_6813-1.c.1.obj (.data:ltc_cmdSTCOMM)
                  08007a58    00000008                            : ltc_6813-1.c.1.obj (.data:ltc_cmdWRCFG2)
                  08007a60    00000008                            : ltc_6813-1.c.1.obj (.data:ltc_cmdWRCFG)
                  08007a68    00000008                            : ltc_6813-1.c.1.obj (.data:ltc_cmdWRCOMM)
                  08007a70    00000008                            : ltc_6813-1_cfg.c.1.obj (.data:ltc_mux_seq)
                  08007a78    00000008     libfoxbms-task.a : os.c.1.obj (.data:os_timer)
                  08007a80    00000008     libfoxbms-driver.a : rtc.c.1.obj (.data:rtc_SystemTime)
                  08007a88    00000007                        : can_cfg_tx.c.1.obj (.data)
                  08007a8f    00000001                        : fram_cfg.c.1.obj (.data:fram_deepDischargeFlags)
                  08007a90    00000006                        : fram_cfg.c.1.obj (.data:fram_version)
                  08007a96    00000005                        : spi_cfg.c.1.obj (.data:spi_busyFlags)
                  08007a9b    00000004                        : can.c.1.obj (.data:can_state)
                  08007a9f    00000001                        : fram_cfg.c.1.obj (.data:fram_insulationFlags)
                  08007aa0    00000004     libfoxbms-application.a : bal_cfg.c.1.obj (.data)
                  08007aa4    00000004                             : battery_cell_cfg.c.1.obj (.data)
                  08007aa8    00000004     libfoxbms-driver.a : can.c.1.obj (.data)
                  08007aac    00000004     libfoxbms-engine.a : masterinfo.c.1.obj (.data:minfo_state)
                  08007ab0    00000004     libfoxbms-driver.a : spi_cfg.c.1.obj (.data:spi_kFramDataConfig)
                  08007ab4    00000004                        : spi_cfg.c.1.obj (.data:spi_kLtcDataConfig)
                  08007ab8    00000004                        : spi_cfg.c.1.obj (.data:spi_kMxmDataConfig)
                  08007abc    00000004                        : spi_cfg.c.1.obj (.data:spi_kNxp775DataConfigRx)
                  08007ac0    00000004                        : spi_cfg.c.1.obj (.data:spi_kNxp775DataConfigTx)
                  08007ac4    00000004                        : spi_cfg.c.1.obj (.data:spi_kSbcDataConfig)
                  08007ac8    00000004                        : spi_cfg.c.1.obj (.data:spi_kSpsDataConfigHighSpeed)
                  08007acc    00000004                        : spi_cfg.c.1.obj (.data:spi_kSpsDataConfigLowSpeed)
                  08007ad0    00000004                        : sps.c.1.obj (.data:sps_spiRxReadAnswerDuringChannelControl)
                  08007ad4    00000004                        : sps.c.1.obj (.data:sps_spiRxRegisterBuffer)
                  08007ad8    00000004                        : sps.c.1.obj (.data:sps_spiTxRegisterBuffer)
                  08007adc    00000004                        : sps.c.1.obj (.data:sps_spiTxWriteToChannelChannelControlRegister)
                  08007ae0    00000003                        : pex.c.1.obj (.data:pex_configDirectionPort1)
                  08007ae3    00000003                        : pex.c.1.obj (.data:pex_configDirectionPort1Local)
                  08007ae6    00000003                        : pex.c.1.obj (.data:pex_configPolarityPort0)
                  08007ae9    00000003                        : pex.c.1.obj (.data:pex_configPolarityPort0Local)
                  08007aec    00000003                        : pex.c.1.obj (.data:pex_configPolarityPort1)
                  08007aef    00000003                        : pex.c.1.obj (.data:pex_configPolarityPort1Local)
                  08007af2    00000003                        : pex.c.1.obj (.data:pex_inputPort0)
                  08007af5    00000003                        : pex.c.1.obj (.data:pex_inputPort0Local)
                  08007af8    00000003                        : pex.c.1.obj (.data:pex_inputPort1)
                  08007afb    00000003                        : pex.c.1.obj (.data:pex_inputPort1Local)
                  08007afe    00000003                        : pex.c.1.obj (.data:pex_outputPort0)
                  08007b01    00000003                        : pex.c.1.obj (.data:pex_outputPort0Local)
                  08007b04    00000003                        : pex.c.1.obj (.data:pex_outputPort1)
                  08007b07    00000003                        : pex.c.1.obj (.data:pex_outputPort1Local)
                  08007b0a    00000002                        : crc.c.1.obj (.data)
                  08007b0c    00000002                        : htsensor.c.1.obj (.data)
                  08007b0e    00000002                        : i2c.c.1.obj (.data)
                  08007b10    00000002                        : sps.c.1.obj (.data)
                  08007b12    00000002     libfoxbms-afe-driver.a : ltc_6813-1.c.1.obj (.data:ltc_used_cells_index)
                  08007b14    00000002     libfoxbms-driver.a : pwm.c.1.obj (.data:pwm_state)
                  08007b16    00000001     libfoxbms-task.a : ftask_freertos.c.1.obj (.data:ftsk_afeRequestQueueStorageArea$7)
                  08007b17    00000001     libfoxbms-driver.a : adc.c.1.obj (.data)
                  08007b18    00000001     libfoxbms-engine.a : diag.c.1.obj (.data)

.bss       0    08007b1c    000003e8     UNINITIALIZED
                  08007b1c    000002c8     libfoxbms-engine.a : diag.c.1.obj (.bss:diag)
                  08007de4    00000078     libfoxbms-hal.a : HL_spi.c.1.obj (.bss:g_spiPacket_t)
                  08007e5c    00000050     libfoxbms-engine.a : sys_mon.c.1.obj (.bss:sysm_notifications)
                  08007eac    00000030     libfoxbms-algorithms.a : sof_trapezoid.c.1.obj (.bss:sof_curveRecommendedOperatingCurrent)
                  08007edc    00000018     libfoxbms-hal.a : HL_i2c.c.1.obj (.bss:g_i2cTransfer_t)
                  08007ef4    00000004     libfoxbms-engine.a : diag.c.1.obj (.bss)
                  08007ef8    00000004     (.common:ftsk_afeRequestQueue)
                  08007efc    00000004     (.common:ftsk_taskHandleAfe)
                  08007f00    00000004     (.common:ftsk_taskHandleI2c)

.sharedRAM 
*          0    0807e000    00000091     UNINITIALIZED
                  0807e000    00000070     libfoxbms-afe-driver.a : ltc_6813-1.c.1.obj (.sharedRAM)
                  0807e070    00000014     libfoxbms-driver.a : rtc.c.1.obj (.sharedRAM)
                  0807e084    00000008                        : htsensor.c.1.obj (.sharedRAM)
                  0807e08c    00000005                        : pex.c.1.obj (.sharedRAM)

__llvm_prf_cnts 
*          0    08001000    00000000     UNINITIALIZED

MODULE SUMMARY

       Module                                       code     ro data   rw data
       ------                                       ----     -------   -------
    src\app\main\
       fstartup.c.1.obj                             368      0         0      
       main.c.1.obj                                 256      0         0      
       version_cfg.c.1.obj                          0        146       0      
       fassert.c.1.obj                              20       0         0      
    +--+--------------------------------------------+--------+---------+---------+
       Total:                                       644      146       0      
                                                                              
    C:\ti\ccs1031\ccs\tools\compiler\ti-cgt-arm_20.2.4.LTS\lib\rtsv7R4_A_be_v3D16_eabi.lib
       mktime.c.obj                                 976      96        0      
       ull_div32.asm.obj                            696      0         0      
       localtim.c.obj                               488      0         36     
       memcpy32.asm.obj                             384      0         0      
       memset32.asm.obj                             176      0         0      
       ll_div32.asm.obj                             152      0         0      
       copy_decompress_lzss.c.obj                   144      0         0      
       fs_toll32.asm.obj                            132      0         0      
       ti_fmax.c.obj                                132      0         0      
       fs_toull32.asm.obj                           108      0         0      
       autoinit.c.obj                               104      0         0      
       i_div32.asm.obj                              84       0         0      
       u_div32.asm.obj                              80       0         0      
       ll_lsl32.asm.obj                             36       0         0      
       ll_lsr32.asm.obj                             36       0         0      
       strlen.c.obj                                 32       0         0      
       copy_decompress_none.c.obj                   20       0         0      
       copy_zero_init.c.obj                         16       0         0      
       tmzone.c.obj                                 0        0         16     
       exit.c.obj                                   8        0         0      
       div0.asm.obj                                 4        0         0      
    +--+--------------------------------------------+--------+---------+---------+
       Total:                                       3808     96        52     
                                                                              
    src\app\application\algorithm\libfoxbms-algorithms.a
       moving_average.c.1.obj                       2580     8         2653   
       sof_trapezoid.c.1.obj                        2316     80        144    
       soe_counting.c.1.obj                         2280     52        144    
       soc_counting.c.1.obj                         2020     52        144    
       algorithm.c.1.obj                            796      0         8      
       state_estimation.c.1.obj                     268      0         60     
       algorithm_cfg.c.1.obj                        204      2         24     
       soh_none.c.1.obj                             112      0         0      
       sof_trapezoid_cfg.c.1.obj                    0        36        0      
    +--+--------------------------------------------+--------+---------+---------+
       Total:                                       10576    230       3177   
                                                                              
    src\app\application\libfoxbms-application.a
       bms.c.1.obj                                  8312     104       258    
       redundancy.c.1.obj                           7072     124       864    
       soa.c.1.obj                                  2076     0         0      
       battery_cell_cfg.c.1.obj                     0        1600      4      
       plausibility.c.1.obj                         944      0         0      
       soa_cfg.c.1.obj                              240      0         0      
       bal_cfg.c.1.obj                              68       0         4      
       bal_strategy_none.c.1.obj                    20       0         0      
       battery_system_cfg.c.1.obj                   0        0         1      
    +--+--------------------------------------------+--------+---------+---------+
       Total:                                       18732    1828      1131   
                                                                              
    src\app\driver\afe\ltc\6813-1\libfoxbms-afe-driver.a
       ltc_6813-1.c.1.obj                           29948    4         1817   
       ltc_pec.c.1.obj                              152      512       0      
       ltc_afe.c.1.obj                              656      0         0      
       afe_plausibility.c.1.obj                     176      0         0      
       ltc_afe_dma.c.1.obj                          160      0         0      
       ltc_6813-1_cfg.c.1.obj                       0        26        24     
    +--+--------------------------------------------+--------+---------+---------+
       Total:                                       31092    542       1841   
                                                                              
    src\app\driver\libfoxbms-driver.a
       can_cbs_tx_state.c.1.obj                     5440     12        0      
       nxpfs85xx.c.1.obj                            4588     12        96     
       i2c.c.1.obj                                  4668     0         2      
       rtc.c.1.obj                                  4028     252       44     
       spi.c.1.obj                                  3796     52        20     
       can.c.1.obj                                  3500     252       8      
       can_cbs_rx_debug.c.1.obj                     3252     8         0      
       sps.c.1.obj                                  2516     0         18     
       pex.c.1.obj                                  2344     0         53     
       can_cbs_rx_current-sensor.c.1.obj            2060     40        168    
       can_helper.c.1.obj                           1972     64        176    
       can_cbs_tx_debug-response.c.1.obj            2124     0         0      
       dma.c.1.obj                                  1756     256       0      
       imd.c.1.obj                                  1824     0         48     
       can_cbs_tx_system-values.c.1.obj             1752     0         0      
       can_cbs_tx_minimum-maximum-values.c.1.obj    1648     0         0      
       can_cbs_tx_cell-temperatures.c.1.obj         1320     260       0      
       fram.c.1.obj                                 1516     0         0      
       sbc.c.1.obj                                  1444     0         28     
       contactor.c.1.obj                            1372     0         0      
       can_cbs_tx_cell-voltages.c.1.obj             1128     180       0      
       interlock.c.1.obj                            900      140       48     
       can_cbs_tx_pack-state-estimation.c.1.obj     1052     0         0      
       sbc_fs8x_communication.c.1.obj               780      262       0      
       can_cbs_rx_state-request.c.1.obj             992      0         0      
       can_cfg.c.1.obj                              0        68        848    
       can_cbs_tx_string-state-estimation.c.1.obj   904      0         0      
       epcos_b57861s0103f045.c.1.obj                516      346       0      
       can_cbs_rx_imd.c.1.obj                       744      40        0      
       pwm.c.1.obj                                  696      52        10     
       htsensor.c.1.obj                             692      0         26     
       adc.c.1.obj                                  304      0         397    
       can_cbs_tx_limit-values.c.1.obj              608      0         0      
       foxmath.c.1.obj                              584      0         0      
       sbc_fs8x.c.1.obj                             560      0         0      
       crc.c.1.obj                                  520      0         2      
       io.c.1.obj                                   484      0         0      
       can_cfg_tx.c.1.obj                           0        365       7      
       meas.c.1.obj                                 340      0         0      
       led.c.1.obj                                  316      0         8      
       spi_cfg.c.1.obj                              112      1         177    
       can_cfg_rx.c.1.obj                           0        241       0      
       mcu.c.1.obj                                  204      4         0      
       can_cbs_tx_unsupported-message.c.1.obj       180      0         0      
       fram_cfg.c.1.obj                             0        0         162    
       sps_cfg.c.1.obj                              0        16        128    
       no-imd.c.1.obj                               120      0         0      
       dma_cfg.c.1.obj                              0        0         40     
       contactor_cfg.c.1.obj                        0        0         21     
       tsi_limits.c.1.obj                           20       0         0      
       checksum.c.1.obj                             8        0         0      
       pex_cfg.c.1.obj                              0        3         0      
    +--+--------------------------------------------+--------+---------+---------+
       Total:                                       65684    2926      2535   
                                                                              
    src\app\engine\libfoxbms-engine.a
       sys.c.1.obj                                  2648     99        16     
       diag.c.1.obj                                 1988     0         717    
       database_cfg.c.1.obj                         0        0         2600   
       database.c.1.obj                             2144     60        33     
       diag_cfg.c.1.obj                             36       16        2152   
       diag_cbs_current.c.1.obj                     1744     0         0      
       sys_mon.c.1.obj                              1460     44        132    
       diag_cbs_temperature.c.1.obj                 1296     0         0      
       diag_cbs_voltage.c.1.obj                     1024     0         0      
       diag_cbs_afe.c.1.obj                         940      0         0      
       diag_cbs_plausibility.c.1.obj                588      0         0      
       database_helper.c.1.obj                      564      0         0      
       diag_cbs_contactor.c.1.obj                   516      0         0      
       diag_cbs_bms.c.1.obj                         452      0         0      
       diag_cbs_sys-mon.c.1.obj                     372      0         0      
       diag_cbs_insulation.c.1.obj                  352      0         0      
       diag_cbs_current-sensor.c.1.obj              324      0         0      
       diag_cbs_can.c.1.obj                         320      0         0      
       diag_cbs_power-measurement.c.1.obj           296      0         0      
       sys_cfg.c.1.obj                              248      0         0      
       diag_cbs_deep-discharge.c.1.obj              228      0         0      
       diag_cbs_i2c.c.1.obj                         220      0         0      
       diag_cbs_rtc.c.1.obj                         220      0         0      
       diag_cbs_sbc.c.1.obj                         216      0         0      
       diag_cbs_fram.c.1.obj                        164      0         0      
       diag_cbs_interlock.c.1.obj                   156      0         0      
       diag_cbs_dummy.c.1.obj                       112      0         0      
       sys_mon_cfg.c.1.obj                          4        0         60     
       masterinfo.c.1.obj                           56       0         4      
       reset.c.1.obj                                4        0         0      
    +--+--------------------------------------------+--------+---------+---------+
       Total:                                       18692    219       5714   
                                                                              
    src\app\task\libfoxbms-task.a
       ftask_freertos.c.1.obj                       1556     0         13125  
       os_freertos.c.1.obj                          976      0         676    
       ftask.c.1.obj                                948      0         0      
       ftask_cfg.c.1.obj                            504      0         143    
       os.c.1.obj                                   552      0         16     
    +--+--------------------------------------------+--------+---------+---------+
       Total:                                       4536     0         13960  
                                                                              
    src\hal\libfoxbms-hal.a
       HL_can.c.1.obj                               7252     32        0      
       HL_etpwm.c.1.obj                             3888     0         0      
       HL_het.c.1.obj                               1436     1920      0      
       HL_spi.c.1.obj                               3108     0         120    
       HL_sys_vim.c.1.obj                           1648     512       0      
       HL_adc.c.1.obj                               1740     48        0      
       HL_i2c.c.1.obj                               1428     0         24     
       HL_system.c.1.obj                            1412     0         0      
       HL_sys_dma.c.1.obj                           1400     0         0      
       HL_pinmux.c.1.obj                            1320     0         0      
       HL_ecap.c.1.obj                              1224     0         0      
       HL_esm.c.1.obj                               1132     0         0      
       HL_crc.c.1.obj                               1092     0         0      
       HL_sys_core.asm.1.obj                        964      0         0      
       HL_sys_mpu.asm.1.obj                         888      0         0      
       HL_errata_SSWF021_45.c.1.obj                 884      0         0      
       HL_gio.c.1.obj                               516      0         0      
       HL_emif.c.1.obj                              480      0         0      
       HL_notification.c.1.obj                      108      0         0      
       HL_sys_intvecs.asm.1.obj                     32       0         0      
       HL_sys_phantom.c.1.obj                       4        0         0      
    +--+--------------------------------------------+--------+---------+---------+
       Total:                                       31956    2512      144    
                                                                              
    src\os\freertos\libfoxbms-os.a
       tasks.c.1.obj                                9324     4         460    
       queue.c.1.obj                                3324     0         0      
       mpu_wrappers.c.1.obj                         2708     0         0      
       stream_buffer.c.1.obj                        2540     0         0      
       portasm.asm.1.obj                            1200     0         0      
       event_groups.c.1.obj                         1040     0         0      
       port.c.1.obj                                 560      0         8      
       list.c.1.obj                                 272      0         0      
    +--+--------------------------------------------+--------+---------+---------+
       Total:                                       20968    4         468    
                                                                              
       Linker Generated:                            0        1840      0      
    +--+--------------------------------------------+--------+---------+---------+
       Grand Total:                                 206688   10343     29022  


LINKER GENERATED COPY TABLES

__TI_cinit_table @ 00004e70 records: 4, size/record: 8, table size: 32
	.data: load addr=00004760, load size=000006e8 bytes, run addr=08001000, run size=00006b19 bytes, compression=lzss
	.sharedRAM: load addr=00004e54, load size=0000000b bytes, run addr=0807e000, run size=00000091 bytes, compression=lzss
	.kernelBSS: load addr=00004e5f, load size=00000009 bytes, run addr=08000800, run size=000001cc bytes, compression=lzss
	.bss: load addr=00004e68, load size=00000008 bytes, run addr=08007b1c, run size=000003e8 bytes, compression=zero_init


LINKER GENERATED HANDLER TABLE

__TI_handler_table @ 00004e48 records: 3, size/record: 4, table size: 12
	index: 0, handler: __TI_decompress_lzss
	index: 1, handler: __TI_decompress_none
	index: 2, handler: __TI_zero_init


GLOBAL SYMBOLS: SORTED ALPHABETICALLY BY Name 

address   name                                            
-------   ----                                            
00033b10  ADC_Control                                     
00034c4c  AFE_DmaCallback                                 
00030d70  AFE_Initialize                                  
00030d68  AFE_IsFirstMeasurementCycleFinished             
00034c1c  AFE_IsTransmitOngoing                           
000348ec  AFE_PlausibilityCheckTempMinMax                 
00034894  AFE_PlausibilityCheckVoltageMeasurementRange    
[...]
00031960  FS8x_SwitchAMUXchannel                          
000319ac  FS8x_SetRegulatorState                          
000319e4  FS8x_GetFaultErrorCounterValue                  
00031a1c  FS8x_FS0B_Release                               
00031b14  OS_InitializeOperatingSystem                    
00031b4c  OS_IncrementTimer                               
00031c2c  OS_CheckTimeHasPassedWithTimestamp              
00031c5c  OS_CheckTimeHasPassedSelfTest                   
00031cf8  OS_CheckTimeHasPassed                           
00031d3c  CRC_CalculateCrc                                
00031f44  TS_Epc01GetTemperatureFromPolynomial            
00031fcc  LTC_ConvertMuxVoltagesToTemperatures            
00031fcc  TSI_GetTemperature                              
00031fcc  TS_Epc01GetTemperatureFromLut                   
00032148  DIAG_StringContactorFeedback                    
00032268  DIAG_PrechargeContactorFeedback                 
0003234c  gioToggleBit                                    
0003236c  gioSetPort                                      
00032374  gioSetDirection                                 
0003237c  gioSetBit                                       
0003239c  gioInit                                         
0003240c  gioGetPort                                      
00032414  gioGetConfigValue                               
000324cc  gioGetBit                                       
000324dc  gioEnableNotification                           
0003250c  gioDisableNotification                          
00032550  FTSK_RunUserCodeIdle                            
00032550  vApplicationIdleHook                            
00032554  FTSK_RunUserCodeI2c                             
0003257c  FTSK_RunUserCodeEngine                          
0003258c  FTSK_RunUserCodeCyclicAlgorithm100ms            
000325a8  FTSK_RunUserCodeCyclic1ms                       
000325c0  FTSK_RunUserCodeCyclic10ms                      
00032624  FTSK_RunUserCodeCyclic100ms                     
00032660  FTSK_RunUserCodeAfe                             
00032664  FTSK_InitializeUserCodePreCyclicTasks           
000326d0  FTSK_InitializeUserCodeEngine                   
00032748  __localtime32                                   
00032748  localtime                                       
00032930  IO_SetPinDirectionToOutput                      
0003298c  IO_SetPinDirectionToInput                       
000329e8  IO_PinSet                                       
00032a44  IO_PinReset                                     
00032aa0  IO_PinGet                                       
00032b14  emif_SDRAM_StartupInit                          
00032b68  emif_SDRAMInit                                  
00032b6c  emif_ASYNC3Init                                 
00032ba8  emif_ASYNC2Init                                 
00032be4  emif_ASYNC1Init                                 
00032c20  emifGetConfigValue                              
00032cf4  DIAG_PrechargeProcess                           
00032e1c  DIAG_AlertFlag                                  
00032eb8  __aeabi_memcpy                                  
00032eb8  __aeabi_memcpy4                                 
00032eb8  __aeabi_memcpy8                                 
00032eb8  memcpy                                          
00033038  vimECCErrorHandler                              
000331f8  DIAG_ErrorSystemMonitoring                      
00033324  DIAG_Insulation                                 
00033484  MEAS_RequestTemperatureRead                     
000334b4  MEAS_RequestOpenWireCheck                       
000334e4  MEAS_RequestIoWrite                             
00033514  MEAS_RequestIoRead                              
00033544  MEAS_RequestEepromWrite                         
00033574  MEAS_RequestEepromRead                          
000335a4  MEAS_RequestBalancingFeedbackRead               
000335d4  MEAS_Control                                    
000335d8  DIAG_ErrorCurrentSensor                         
0003371c  i2cInterrupt                                    
00033860  DIAG_ErrorCanTiming                             
000338fc  DIAG_ErrorCanRxQueueFull                        
000339a0  LED_Trigger                                     
00033a60  LED_SetToggleTime                               
00033ac0  LED_SetDebugLed                                 
00033b10  ADC_Control                                     
00033c0c  DIAG_ErrorPowerMeasurement                      
00033d34  SE_RunStateEstimations                          
00033d60  SE_InitializeSoh                                
00033da4  SE_InitializeSoe                                
00033df0  SE_InitializeSoc                                
00033e40  main                                            
00033f40  SYS_SendBootMessage                             
00034038  SOA_IsStringCurrentLimitViolated                
0003405c  SOA_IsPackCurrentLimitViolated                  
00034080  SOA_IsCurrentOnOpenString                       
000340e4  SOA_IsCellCurrentLimitViolated                  
00034128  DIAG_ErrorDeepDischarge                         
0003420c  esmHighInterrupt                                
000342f0  DIAG_I2c                                        
000343cc  DIAG_Rtc                                        
000344a8  DIAG_Sbc                                        
00034580  ALGO_MarkAsReinit                               
000345d4  ALGO_MarkAsDone                                 
0003464c  MCU_GetFreeRunningCount                         
00034658  MCU_ConvertFrcDifferenceToTimespan_us           
0003467c  MCU_IsTimeElapsed                               
000346ac  MCU_Delay_us                                    
000347e0  CANTX_UnsupportedMultiplexerValue               
00034894  AFE_PlausibilityCheckVoltageMeasurementRange    
000348ec  AFE_PlausibilityCheckTempMinMax                 
00034944  __aeabi_memclr                                  
00034944  __aeabi_memclr4                                 
00034944  __aeabi_memclr8                                 
00034948  __aeabi_memset                                  
00034948  __aeabi_memset4                                 
00034948  __aeabi_memset8                                 
00034954  memset                                          
000349f4  _c_int00                                        
00034a9c  dmaLFSAInterrupt                                
00034aec  dmaBTCAInterrupt                                
00034b44  DIAG_FramError                                  
00034be8  AFE_SetTransmitOngoing                          
00034c1c  AFE_IsTransmitOngoing                           
00034c4c  AFE_DmaCallback                                 
00034c88  DIAG_ErrorInterlock                             
00034d24  LTC_CalculatePec15                              
00034dbc  __aeabi_ldivmod                                 
00034e54  __TI_decompress_lzss                            
00034ee4  MATH_MinimumOfTwoFloats                         
00034ee4  fminf                                           
00034f68  __aeabi_f2lz                                    
00034fec  IMD_ProcessShutdownState                        
00035024  IMD_ProcessRunningState                         
00035054  IMD_ProcessInitializationState                  
0003505c  IMD_ProcessEnableState                          
00035064  SE_InitializeStateOfHealth                      
000350ac  SE_CalculateStateOfHealth                       
000350d4  SPI_SpsInterfaceSwitchToLowSpeed                
00035108  SPI_SpsInterfaceSwitchToHighSpeed               
00035144  DIAG_DummyCallback                              
000351b8  spiEndNotification                              
000351bc  sciNotification                                 
000351c0  pwmNotification                                 
000351c4  linNotification                                 
000351c8  i2cNotification                                 
000351cc  hetNotification                                 
000351d0  gioNotification                                 
000351d4  etpwmTripNotification                           
000351d8  etpwmNotification                               
000351dc  esmGroup3Notification                           
000351e0  esmGroup2Notification                           
000351e4  esmGroup1Notification                           
000351e8  eqepNotification                                
000351ec  epcFIFOFullNotification                         
000351f0  epcCAMFullNotification                          
000351f4  emacTxNotification                              
000351f8  emacRxNotification                              
000351fc  edgeNotification                                
00035208  dccNotification                                 
0003520c  crcNotification                                 
00035210  canStatusChangeNotification                     
00035218  canErrorNotification                            
0003521c  adcNotification                                 
00035220  __aeabi_f2ulz                                   
0003528c  __TI_auto_init_nobinit_nopinit                  
000352f4  ecap1Interrupt                                  
0003534c  __aeabi_idiv                                    
0003534c  __aeabi_idivmod                                 
000353a0  __aeabi_uidiv                                   
000353a0  __aeabi_uidivmod                                
000353f0  BAL_SetBalancingThreshold                       
00035424  BAL_GetBalancingThreshold_mV                    
00035434  MINFO_SetResetSource                            
00035440  MINFO_SetDebugProbeConnectionState              
0003544c  MINFO_GetResetSource                            
00035458  MINFO_GetDebugProbeConnectionState              
00035498  DIAG_UpdateFlags                                
000354bc  __aeabi_llsl                                    
000354e0  __aeabi_llsr                                    
00035504  strlen                                          
00035524  __TI_decompress_none                            
00035538  FAS_StoreAssertLocation                         
0003554c  BAL_Trigger                                     
00035550  BAL_SetStateRequest                             
00035558  BAL_GetInitializationState                      
00035560  TSI_GetMinimumPlausibleTemperature              
00035568  TSI_GetMaximumPlausibleTemperature              
00035574  __TI_zero_init                                  
00035584  C$$EXIT                                         
00035584  abort                                           
0003558c  CHK_ValidateChecksum                            
00035594  SYS_TriggerSoftwareReset                        
0003559c  phantomInterrupt                                
000355a0  __aeabi_idiv0                                   
000355a0  __aeabi_ldiv0                                   
00035d00  bc_stateOfChargeLookupTable                     
00036020  bc_stateOfEnergyLookupTable                     
00036740  can_txMessages                                  
00036b04  can_rxMessages                                  
00036ddb  can_rxLength                                    
00036fac  can_kShim                                       
000370b6  algo_length                                     
000371f8  sof_recommendedCurrent                          
000374f0  ltc_voltage_input_used                          
000375a4  diag_kDatabaseShim                              
000375b4  sps_kChannelFeedbackMapping                     
00037614  ltc_muxsensortemperatur_cfg                     
0003764c  can_node1                                       
00037650  can_node2Isolated                               
00037658  uxTopUsedPriority                               
00037660  pex_addressList                                 
00037663  can_txLength                                    
00037664  spi_nrBusyFlags                                 
00037680  MPU_xTaskResumeAll                              
000376a0  MPU_xTaskGetTickCount                           
000376a0  OS_GetTickCount                                 
000376c0  MPU_xTaskGetSchedulerState                      
000376e0  MPU_xTaskGetIdleTaskHandle                      
00037700  MPU_xTaskGetHandle                              
00037728  MPU_xTaskGetCurrentTaskHandle                   
00037748  MPU_xTaskGenericNotifyWait                      
00037790  MPU_xTaskGenericNotifyStateClear                
000377c0  MPU_xTaskGenericNotify                          
00037808  MPU_xTaskDelayUntil                             
00037838  MPU_xTaskCreateStatic                           
00037894  MPU_xTaskCreateRestrictedStatic                 
000378c4  MPU_xTaskCheckForTimeOut                        
000378f4  MPU_xTaskCatchUpTicks                           
0003791c  MPU_xTaskAbortDelay                             
00037944  MPU_xStreamBufferSpacesAvailable                
0003796c  MPU_xStreamBufferSetTriggerLevel                
0003799c  MPU_xStreamBufferSend                           
000379dc  MPU_xStreamBufferReset                          
00037a04  MPU_xStreamBufferReceive                        
00037a44  MPU_xStreamBufferNextMessageLengthBytes         
00037a6c  MPU_xStreamBufferIsFull                         
00037a94  MPU_xStreamBufferIsEmpty                        
00037abc  MPU_xStreamBufferGenericCreateStatic            
00037b04  MPU_xStreamBufferBytesAvailable                 
00037b2c  MPU_xQueueSemaphoreTake                         
00037b5c  MPU_xQueueReceive                               
00037b94  MPU_xQueuePeek                                  
00037bcc  MPU_xQueueGenericSend                           
00037c0c  MPU_xQueueGenericReset                          
00037c3c  MPU_xQueueGenericCreateStatic                   
00037c84  MPU_xEventGroupWaitBits                         
00037ccc  MPU_xEventGroupSync                             
00037d0c  MPU_xEventGroupSetBits                          
00037d3c  MPU_xEventGroupCreateStatic                     
00037d64  MPU_xEventGroupClearBits                        
00037d94  MPU_vTaskSuspendAll                             
00037db4  MPU_vTaskSuspend                                
00037ddc  MPU_vTaskSetTimeOutState                        
00037e04  MPU_vTaskSetThreadLocalStoragePointer           
00037e3c  MPU_vTaskResume                                 
00037e64  MPU_vTaskPrioritySet                            
00037e94  MPU_vTaskDelete                                 
00037ebc  MPU_vTaskAllocateMPURegions                     
00037eec  MPU_vStreamBufferDelete                         
00037f14  MPU_vQueueDelete                                
00037f3c  MPU_vEventGroupDelete                           
00037f64  MPU_uxTaskPriorityGet                           
00037f8c  MPU_uxTaskGetStackHighWaterMark                 
00037fb4  MPU_uxTaskGetNumberOfTasks                      
00037fd4  MPU_uxQueueSpacesAvailable                      
00037ffc  MPU_uxQueueMessagesWaiting                      
00038024  MPU_ulTaskGenericNotifyValueClear               
0003805c  MPU_ulTaskGenericNotifyTake                     
00038094  MPU_pvTaskGetThreadLocalStoragePointer          
000380c4  MPU_pcTaskGetName                               
000380ec  MPU_eTaskGetState                               
003fff40  ver_foxbmsVersionInformation                    
08000800  pxCurrentTCB                                    
08001000  __start___llvm_prf_cnts                         
08001000  __stop___llvm_prf_cnts                          
08002400  diag_diagnosisIdConfiguration                   
08004f4c  diag_device                                     
080050a4  data_database                                   
080054b4  ltc_stateBase                                   
08005598  persistant_error_flags                          
08006268  sps_channelStatus                               
08006628  fs85xx_mcuSupervisor                            
0800679c  fram_base_header                                
0800710c  sysm_ch_cfg                                     
08007304  fram_sys_mon_record                             
080074f8  ftsk_allQueuesCreated                           
080074fc  ftsk_databaseQueue                              
08007500  ftsk_imdCanDataQueue                            
08007504  ftsk_canRxQueue                                 
08007508  ftsk_rtcSetTimeQueue                            
0800750c  ftsk_afeToI2cQueue                              
08007510  ftsk_afeFromI2cQueue                            
08007514  sbc_stateMcuSupervisor                          
08007530  algo_algorithms                                 
080075f0  cont_contactorStates                            
08007630  dma_spiInterfaces                               
08007658  ftsk_taskDefinitionAfe                          
0800766c  ftsk_taskDefinitionCyclic100ms                  
08007680  ftsk_taskDefinitionCyclic10ms                   
08007694  ftsk_taskDefinitionCyclic1ms                    
080076a8  ftsk_taskDefinitionCyclicAlgorithm100ms         
080076bc  ftsk_taskDefinitionEngine                       
080076d0  ftsk_taskDefinitionI2c                          
08007734  spi_framInterface                               
08007748  spi_ltcInterface                                
0800775c  spi_mxmInterface                                
08007770  spi_nxp775InterfaceRx                           
08007784  spi_nxp775InterfaceTx                           
08007798  spi_sbcMcuInterface                             
080077ac  spi_spsInterface                                
080077d4  _tz                                             
08007874  ltc_mux_seq_main_ch1                            
08007884  sys_state                                       
080078a3  bs_stringsWithPrecharge                         
080078a4  fram_soc                                        
080078b0  fram_soe                                        
080078e0  dma_spiDmaChannels                              
080078ea  dma_spiDmaRequests                              
080078fe  fram_sbcInit                                    
08007928  ulCriticalNesting                               
0800792c  ulTaskHasFPUContext                             
08007930  os_boot                                         
08007934  os_schedulerStartTime                           
08007a70  ltc_mux_seq                                     
08007a8f  fram_deepDischargeFlags                         
08007a90  fram_version                                    
08007a96  spi_busyFlags                                   
08007a9f  fram_insulationFlags                            
08007aa4  bc_stateOfChargeLookupTableLength               
08007aa6  bc_stateOfEnergyLookupTableLength               
08007b0e  i2c_rxLastByteInterface1                        
08007b0f  i2c_rxLastByteInterface2                        
08007ef8  ftsk_afeRequestQueue                            
08007efc  ftsk_taskHandleAfe                              
08007f00  ftsk_taskHandleI2c                              
0807e000  ltc_RxPecBuffer                                 
0807e038  ltc_TxPecBuffer                                 
0807e084  i2cReadBuffer                                   
0807e08a  i2cWriteBuffer                                  
ffffffff  __TI_pprof_out_hndl                             
ffffffff  __TI_prof_data_size                             
ffffffff  __TI_prof_data_start                            
ffffffff  __binit__                                       
ffffffff  __c_args__                                      
ffffffff  binit                                           
UNDEFED   SHT$$INIT_ARRAY$$Base                           
UNDEFED   SHT$$INIT_ARRAY$$Limit                          
UNDEFED   _system_post_cinit                              

[1032 symbols]
